Archive member included to satisfy reference by file (symbol)

c:/program files (x86)/atollic/truestudio for stm32 9.1.0/armtools/bin/../lib/gcc/arm-atollic-eabi/6.3.1/../../../../arm-atollic-eabi/lib/armv7e-m/fpu/fpv5-d16\libc_nano.a(lib_a-errno.o)
                              Src\syscalls.o (__errno)
c:/program files (x86)/atollic/truestudio for stm32 9.1.0/armtools/bin/../lib/gcc/arm-atollic-eabi/6.3.1/../../../../arm-atollic-eabi/lib/armv7e-m/fpu/fpv5-d16\libc_nano.a(lib_a-impure.o)
                              c:/program files (x86)/atollic/truestudio for stm32 9.1.0/armtools/bin/../lib/gcc/arm-atollic-eabi/6.3.1/../../../../arm-atollic-eabi/lib/armv7e-m/fpu/fpv5-d16\libc_nano.a(lib_a-errno.o) (_impure_ptr)
c:/program files (x86)/atollic/truestudio for stm32 9.1.0/armtools/bin/../lib/gcc/arm-atollic-eabi/6.3.1/../../../../arm-atollic-eabi/lib/armv7e-m/fpu/fpv5-d16\libc_nano.a(lib_a-init.o)
                              startup\startup_stm32h743xx.o (__libc_init_array)
c:/program files (x86)/atollic/truestudio for stm32 9.1.0/armtools/bin/../lib/gcc/arm-atollic-eabi/6.3.1/../../../../arm-atollic-eabi/lib/armv7e-m/fpu/fpv5-d16\libc_nano.a(lib_a-memset.o)
                              Src\dac.o (memset)
c:/program files (x86)/atollic/truestudio for stm32 9.1.0/armtools/bin/../lib/gcc/arm-atollic-eabi/6.3.1/armv7e-m/fpu/fpv5-d16\libgcc.a(_aeabi_uldivmod.o)
                              Drivers\STM32H7xx_HAL_Driver\Src\stm32h7xx_hal_uart.o (__aeabi_uldivmod)
c:/program files (x86)/atollic/truestudio for stm32 9.1.0/armtools/bin/../lib/gcc/arm-atollic-eabi/6.3.1/armv7e-m/fpu/fpv5-d16\libgcc.a(_udivmoddi4.o)
                              c:/program files (x86)/atollic/truestudio for stm32 9.1.0/armtools/bin/../lib/gcc/arm-atollic-eabi/6.3.1/armv7e-m/fpu/fpv5-d16\libgcc.a(_aeabi_uldivmod.o) (__udivmoddi4)
c:/program files (x86)/atollic/truestudio for stm32 9.1.0/armtools/bin/../lib/gcc/arm-atollic-eabi/6.3.1/armv7e-m/fpu/fpv5-d16\libgcc.a(_dvmd_tls.o)
                              c:/program files (x86)/atollic/truestudio for stm32 9.1.0/armtools/bin/../lib/gcc/arm-atollic-eabi/6.3.1/armv7e-m/fpu/fpv5-d16\libgcc.a(_aeabi_uldivmod.o) (__aeabi_ldiv0)

Allocating common symbols
Common symbol       size              file

Switch2_ModulationEnable
                    0x1               Src\adc.o
yout                0x8               Src\main.o
li                  0x2               Src\main.o
hdma_usart3_rx      0x78              Src\usart.o
hdac1               0x14              Src\dac.o
huart3              0x90              Src\usart.o
InstancePID2        0xc0              Src\adc.o
charI               0x20              Src\main.o
DACoutput1          0x2               Src\main.o
ADCBuf              0x8               Src\main.o
pData               0x2               Src\main.o
uwTick              0x4               Drivers\STM32H7xx_HAL_Driver\Src\stm32h7xx_hal.o
hdma_usart3_tx      0x78              Src\usart.o
tty4                0x4               Src\adc.o
pFlash              0x1c              Drivers\STM32H7xx_HAL_Driver\Src\stm32h7xx_hal_flash.o
Switch2_DACOffset   0x8               Src\adc.o
hadc1               0x64              Src\adc.o
hadc3               0x64              Src\adc.o
InstancePID1        0xc0              Src\adc.o
paramFreq           0x8               Src\main.o
DACoutput2          0x2               Src\main.o
tty2                0x4               Src\adc.o
acValBuffer         0x4               Src\main.o
hspi4               0x88              Src\spi.o
hdma_adc1           0x78              Src\adc.o
Tim2ARR             0x4               Src\main.o
tty3                0x4               Src\adc.o
Switch1_offsetEnable
                    0x1               Src\adc.o
Switch1_PID1Enable  0x1               Src\adc.o
Switch2_PID1Enable  0x1               Src\adc.o
hexString           0x2               Src\main.o
hspi1               0x88              Src\spi.o
htim2               0x4c              Src\tim.o
Switch1_PID2Enable  0x1               Src\adc.o
Switch2_PID2Enable  0x1               Src\adc.o
Switch2_offsetEnable
                    0x1               Src\adc.o
pdata               0x2               Src\main.o
tty1                0x4               Src\adc.o
Switch1_ModulationEnable
                    0x1               Src\adc.o
Switch1_DACOffset   0x8               Src\adc.o

Discarded input sections

 .text          0x00000000        0x0 c:/program files (x86)/atollic/truestudio for stm32 9.1.0/armtools/bin/../lib/gcc/arm-atollic-eabi/6.3.1/armv7e-m/fpu/fpv5-d16/crti.o
 .data          0x00000000        0x0 c:/program files (x86)/atollic/truestudio for stm32 9.1.0/armtools/bin/../lib/gcc/arm-atollic-eabi/6.3.1/armv7e-m/fpu/fpv5-d16/crti.o
 .bss           0x00000000        0x0 c:/program files (x86)/atollic/truestudio for stm32 9.1.0/armtools/bin/../lib/gcc/arm-atollic-eabi/6.3.1/armv7e-m/fpu/fpv5-d16/crti.o
[...]
Memory Configuration

Name             Origin             Length             Attributes
DTCMRAM          0x20000000         0x00020000         xrw
RAM_D1           0x24000000         0x00080000         xrw
RAM_D2           0x30000000         0x00048000         xrw
RAM_D3           0x38000000         0x00010000         xrw
ITCMRAM          0x00000000         0x00010000         xrw
FLASH            0x08000000         0x00200000         xr
*default*        0x00000000         0xffffffff

Linker script and memory map

LOAD c:/program files (x86)/atollic/truestudio for stm32 9.1.0/armtools/bin/../lib/gcc/arm-atollic-eabi/6.3.1/armv7e-m/fpu/fpv5-d16/crti.o
LOAD c:/program files (x86)/atollic/truestudio for stm32 9.1.0/armtools/bin/../lib/gcc/arm-atollic-eabi/6.3.1/armv7e-m/fpu/fpv5-d16/crtbegin.o
LOAD Drivers\STM32H7xx_HAL_Driver\Src\stm32h7xx_hal.o
LOAD Drivers\STM32H7xx_HAL_Driver\Src\stm32h7xx_hal_adc.o
LOAD Drivers\STM32H7xx_HAL_Driver\Src\stm32h7xx_hal_adc_ex.o
LOAD Drivers\STM32H7xx_HAL_Driver\Src\stm32h7xx_hal_cortex.o
LOAD Drivers\STM32H7xx_HAL_Driver\Src\stm32h7xx_hal_dac.o
LOAD Drivers\STM32H7xx_HAL_Driver\Src\stm32h7xx_hal_dac_ex.o
LOAD Drivers\STM32H7xx_HAL_Driver\Src\stm32h7xx_hal_dma.o
LOAD Drivers\STM32H7xx_HAL_Driver\Src\stm32h7xx_hal_dma_ex.o
LOAD Drivers\STM32H7xx_HAL_Driver\Src\stm32h7xx_hal_exti.o
LOAD Drivers\STM32H7xx_HAL_Driver\Src\stm32h7xx_hal_flash.o
LOAD Drivers\STM32H7xx_HAL_Driver\Src\stm32h7xx_hal_flash_ex.o
LOAD Drivers\STM32H7xx_HAL_Driver\Src\stm32h7xx_hal_gpio.o
LOAD Drivers\STM32H7xx_HAL_Driver\Src\stm32h7xx_hal_hsem.o
LOAD Drivers\STM32H7xx_HAL_Driver\Src\stm32h7xx_hal_i2c.o
LOAD Drivers\STM32H7xx_HAL_Driver\Src\stm32h7xx_hal_i2c_ex.o
LOAD Drivers\STM32H7xx_HAL_Driver\Src\stm32h7xx_hal_mdma.o
LOAD Drivers\STM32H7xx_HAL_Driver\Src\stm32h7xx_hal_pwr.o
LOAD Drivers\STM32H7xx_HAL_Driver\Src\stm32h7xx_hal_pwr_ex.o
LOAD Drivers\STM32H7xx_HAL_Driver\Src\stm32h7xx_hal_rcc.o
LOAD Drivers\STM32H7xx_HAL_Driver\Src\stm32h7xx_hal_rcc_ex.o
LOAD Drivers\STM32H7xx_HAL_Driver\Src\stm32h7xx_hal_spi.o
LOAD Drivers\STM32H7xx_HAL_Driver\Src\stm32h7xx_hal_spi_ex.o
LOAD Drivers\STM32H7xx_HAL_Driver\Src\stm32h7xx_hal_tim.o
LOAD Drivers\STM32H7xx_HAL_Driver\Src\stm32h7xx_hal_tim_ex.o
LOAD Drivers\STM32H7xx_HAL_Driver\Src\stm32h7xx_hal_uart.o
LOAD Drivers\STM32H7xx_HAL_Driver\Src\stm32h7xx_hal_uart_ex.o
LOAD Src\adc.o
LOAD Src\dac.o
LOAD Src\dma.o
LOAD Src\gpio.o
LOAD Src\main.o
LOAD Src\spi.o
LOAD Src\stm32h7xx_hal_msp.o
LOAD Src\stm32h7xx_it.o
LOAD Src\syscalls.o
LOAD Src\system_stm32h7xx.o
LOAD Src\tim.o
LOAD Src\usart.o
LOAD startup\startup_stm32h743xx.o
                0x00000080                malloc_getpagesize_P = 0x80
START GROUP
LOAD c:/program files (x86)/atollic/truestudio for stm32 9.1.0/armtools/bin/../lib/gcc/arm-atollic-eabi/6.3.1/../../../../arm-atollic-eabi/lib/armv7e-m/fpu/fpv5-d16\libc_nano.a
LOAD c:/program files (x86)/atollic/truestudio for stm32 9.1.0/armtools/bin/../lib/gcc/arm-atollic-eabi/6.3.1/../../../../arm-atollic-eabi/lib/armv7e-m/fpu/fpv5-d16\libm.a
END GROUP
START GROUP
LOAD c:/program files (x86)/atollic/truestudio for stm32 9.1.0/armtools/bin/../lib/gcc/arm-atollic-eabi/6.3.1/armv7e-m/fpu/fpv5-d16\libgcc.a
LOAD c:/program files (x86)/atollic/truestudio for stm32 9.1.0/armtools/bin/../lib/gcc/arm-atollic-eabi/6.3.1/../../../../arm-atollic-eabi/lib/armv7e-m/fpu/fpv5-d16\libc_nano.a
END GROUP
START GROUP
LOAD c:/program files (x86)/atollic/truestudio for stm32 9.1.0/armtools/bin/../lib/gcc/arm-atollic-eabi/6.3.1/armv7e-m/fpu/fpv5-d16\libgcc.a
LOAD c:/program files (x86)/atollic/truestudio for stm32 9.1.0/armtools/bin/../lib/gcc/arm-atollic-eabi/6.3.1/../../../../arm-atollic-eabi/lib/armv7e-m/fpu/fpv5-d16\libc_nano.a
LOAD c:/program files (x86)/atollic/truestudio for stm32 9.1.0/armtools/bin/../lib/gcc/arm-atollic-eabi/6.3.1/../../../../arm-atollic-eabi/lib/armv7e-m/fpu/fpv5-d16\libnosys.a
END GROUP
START GROUP
LOAD c:/program files (x86)/atollic/truestudio for stm32 9.1.0/armtools/bin/../lib/gcc/arm-atollic-eabi/6.3.1/armv7e-m/fpu/fpv5-d16\libgcc.a
LOAD c:/program files (x86)/atollic/truestudio for stm32 9.1.0/armtools/bin/../lib/gcc/arm-atollic-eabi/6.3.1/../../../../arm-atollic-eabi/lib/armv7e-m/fpu/fpv5-d16\libc_nano.a
LOAD c:/program files (x86)/atollic/truestudio for stm32 9.1.0/armtools/bin/../lib/gcc/arm-atollic-eabi/6.3.1/../../../../arm-atollic-eabi/lib/armv7e-m/fpu/fpv5-d16\libnosys.a
END GROUP
LOAD c:/program files (x86)/atollic/truestudio for stm32 9.1.0/armtools/bin/../lib/gcc/arm-atollic-eabi/6.3.1/armv7e-m/fpu/fpv5-d16/crtend.o
LOAD c:/program files (x86)/atollic/truestudio for stm32 9.1.0/armtools/bin/../lib/gcc/arm-atollic-eabi/6.3.1/armv7e-m/fpu/fpv5-d16/crtn.o
                0x20020000                _estack = 0x20020000
                0x00003000                _Min_Heap_Size = 0x3000
                0x00000400                _Min_Stack_Size = 0x400

.isr_vector     0x08000000      0x298
                0x08000000                . = ALIGN (0x4)
 *(.isr_vector)
 .isr_vector    0x08000000      0x298 startup\startup_stm32h743xx.o
                0x08000000                g_pfnVectors
                0x08000298                . = ALIGN (0x4)

.text           0x08000298     0xb82c
                0x08000298                . = ALIGN (0x4)
 *(.text)
 .text          0x08000298       0x40 c:/program files (x86)/atollic/truestudio for stm32 9.1.0/armtools/bin/../lib/gcc/arm-atollic-eabi/6.3.1/armv7e-m/fpu/fpv5-d16/crtbegin.o
 .text          0x080002d8       0x30 c:/program files (x86)/atollic/truestudio for stm32 9.1.0/armtools/bin/../lib/gcc/arm-atollic-eabi/6.3.1/armv7e-m/fpu/fpv5-d16\libgcc.a(_aeabi_uldivmod.o)
                0x080002d8                __aeabi_uldivmod
 .text          0x08000308      0x2dc c:/program files (x86)/atollic/truestudio for stm32 9.1.0/armtools/bin/../lib/gcc/arm-atollic-eabi/6.3.1/armv7e-m/fpu/fpv5-d16\libgcc.a(_udivmoddi4.o)
                0x08000308                __udivmoddi4
 .text          0x080005e4        0x4 c:/program files (x86)/atollic/truestudio for stm32 9.1.0/armtools/bin/../lib/gcc/arm-atollic-eabi/6.3.1/armv7e-m/fpu/fpv5-d16\libgcc.a(_dvmd_tls.o)
                0x080005e4                __aeabi_idiv0
                0x080005e4                __aeabi_ldiv0
 *(.text*)
 .text.HAL_Init
                0x080005e8       0x78 Drivers\STM32H7xx_HAL_Driver\Src\stm32h7xx_hal.o
                0x080005e8                HAL_Init
 .text.HAL_InitTick
                0x08000660       0x6c Drivers\STM32H7xx_HAL_Driver\Src\stm32h7xx_hal.o
                0x08000660                HAL_InitTick
 .text.HAL_IncTick
                0x080006cc       0x28 Drivers\STM32H7xx_HAL_Driver\Src\stm32h7xx_hal.o
                0x080006cc                HAL_IncTick
 .text.HAL_GetTick
                0x080006f4       0x18 Drivers\STM32H7xx_HAL_Driver\Src\stm32h7xx_hal.o
                0x080006f4                HAL_GetTick
 .text.HAL_Delay
                0x0800070c       0x44 Drivers\STM32H7xx_HAL_Driver\Src\stm32h7xx_hal.o
                0x0800070c                HAL_Delay
 .text.HAL_GetREVID
                0x08000750       0x18 Drivers\STM32H7xx_HAL_Driver\Src\stm32h7xx_hal.o
                0x08000750                HAL_GetREVID
 .text.HAL_SYSCFG_AnalogSwitchConfig
                0x08000768       0x2c Drivers\STM32H7xx_HAL_Driver\Src\stm32h7xx_hal.o
                0x08000768                HAL_SYSCFG_AnalogSwitchConfig
 .text.LL_ADC_SetCommonClock
                0x08000794       0x26 Drivers\STM32H7xx_HAL_Driver\Src\stm32h7xx_hal_adc.o
 .text.LL_ADC_SetCommonPathInternalCh
                0x080007ba       0x26 Drivers\STM32H7xx_HAL_Driver\Src\stm32h7xx_hal_adc.o
 .text.LL_ADC_GetCommonPathInternalCh
                0x080007e0       0x1c Drivers\STM32H7xx_HAL_Driver\Src\stm32h7xx_hal_adc.o
 .text.LL_ADC_SetOffset
                0x080007fc       0x40 Drivers\STM32H7xx_HAL_Driver\Src\stm32h7xx_hal_adc.o
 .text.LL_ADC_SetDataRightShift
                0x0800083c       0x32 Drivers\STM32H7xx_HAL_Driver\Src\stm32h7xx_hal_adc.o
 .text.LL_ADC_SetOffsetSignedSaturation
                0x0800086e       0x36 Drivers\STM32H7xx_HAL_Driver\Src\stm32h7xx_hal_adc.o
 .text.LL_ADC_REG_SetSequencerRanks
                0x080008a4       0x58 Drivers\STM32H7xx_HAL_Driver\Src\stm32h7xx_hal_adc.o
 .text.LL_ADC_SetChannelSamplingTime
                0x080008fc       0x56 Drivers\STM32H7xx_HAL_Driver\Src\stm32h7xx_hal_adc.o
 *fill*         0x08000952        0x2 
 .text.LL_ADC_SetChannelSingleDiff
                0x08000954       0x48 Drivers\STM32H7xx_HAL_Driver\Src\stm32h7xx_hal_adc.o
 .text.LL_ADC_DisableDeepPowerDown
                0x0800099c       0x24 Drivers\STM32H7xx_HAL_Driver\Src\stm32h7xx_hal_adc.o
 .text.LL_ADC_IsDeepPowerDownEnabled
                0x080009c0       0x28 Drivers\STM32H7xx_HAL_Driver\Src\stm32h7xx_hal_adc.o
 .text.LL_ADC_EnableInternalRegulator
                0x080009e8       0x28 Drivers\STM32H7xx_HAL_Driver\Src\stm32h7xx_hal_adc.o
 .text.LL_ADC_IsInternalRegulatorEnabled
                0x08000a10       0x28 Drivers\STM32H7xx_HAL_Driver\Src\stm32h7xx_hal_adc.o
 .text.LL_ADC_IsEnabled
                0x08000a38       0x26 Drivers\STM32H7xx_HAL_Driver\Src\stm32h7xx_hal_adc.o
 .text.LL_ADC_REG_IsConversionOngoing
                0x08000a5e       0x26 Drivers\STM32H7xx_HAL_Driver\Src\stm32h7xx_hal_adc.o
 .text.LL_ADC_INJ_IsConversionOngoing
                0x08000a84       0x26 Drivers\STM32H7xx_HAL_Driver\Src\stm32h7xx_hal_adc.o
 *fill*         0x08000aaa        0x2 
 .text.HAL_ADC_Init
                0x08000aac      0x340 Drivers\STM32H7xx_HAL_Driver\Src\stm32h7xx_hal_adc.o
                0x08000aac                HAL_ADC_Init
 .text.HAL_ADC_ConfigChannel
                0x08000dec      0x6a0 Drivers\STM32H7xx_HAL_Driver\Src\stm32h7xx_hal_adc.o
                0x08000dec                HAL_ADC_ConfigChannel
 .text.ADC_ConfigureBoostMode
                0x0800148c      0x1f0 Drivers\STM32H7xx_HAL_Driver\Src\stm32h7xx_hal_adc.o
                0x0800148c                ADC_ConfigureBoostMode
 .text.LL_ADC_IsEnabled
                0x0800167c       0x26 Drivers\STM32H7xx_HAL_Driver\Src\stm32h7xx_hal_adc_ex.o
 .text.LL_ADC_REG_IsConversionOngoing
                0x080016a2       0x26 Drivers\STM32H7xx_HAL_Driver\Src\stm32h7xx_hal_adc_ex.o
 .text.HAL_ADCEx_MultiModeConfigChannel
                0x080016c8      0x1bc Drivers\STM32H7xx_HAL_Driver\Src\stm32h7xx_hal_adc_ex.o
                0x080016c8                HAL_ADCEx_MultiModeConfigChannel
 .text.__NVIC_SetPriorityGrouping
                0x08001884       0x48 Drivers\STM32H7xx_HAL_Driver\Src\stm32h7xx_hal_cortex.o
 .text.__NVIC_GetPriorityGrouping
                0x080018cc       0x1c Drivers\STM32H7xx_HAL_Driver\Src\stm32h7xx_hal_cortex.o
 .text.__NVIC_EnableIRQ
                0x080018e8       0x3c Drivers\STM32H7xx_HAL_Driver\Src\stm32h7xx_hal_cortex.o
 .text.__NVIC_SetPriority
                0x08001924       0x54 Drivers\STM32H7xx_HAL_Driver\Src\stm32h7xx_hal_cortex.o
 .text.NVIC_EncodePriority
                0x08001978       0x62 Drivers\STM32H7xx_HAL_Driver\Src\stm32h7xx_hal_cortex.o
 *fill*         0x080019da        0x2 
 .text.SysTick_Config
                0x080019dc       0x44 Drivers\STM32H7xx_HAL_Driver\Src\stm32h7xx_hal_cortex.o
 .text.HAL_NVIC_SetPriorityGrouping
                0x08001a20       0x16 Drivers\STM32H7xx_HAL_Driver\Src\stm32h7xx_hal_cortex.o
                0x08001a20                HAL_NVIC_SetPriorityGrouping
 .text.HAL_NVIC_SetPriority
                0x08001a36       0x34 Drivers\STM32H7xx_HAL_Driver\Src\stm32h7xx_hal_cortex.o
                0x08001a36                HAL_NVIC_SetPriority
 .text.HAL_NVIC_EnableIRQ
                0x08001a6a       0x1c Drivers\STM32H7xx_HAL_Driver\Src\stm32h7xx_hal_cortex.o
                0x08001a6a                HAL_NVIC_EnableIRQ
 .text.HAL_SYSTICK_Config
                0x08001a86       0x18 Drivers\STM32H7xx_HAL_Driver\Src\stm32h7xx_hal_cortex.o
                0x08001a86                HAL_SYSTICK_Config
 .text.HAL_DAC_Init
                0x08001a9e       0x44 Drivers\STM32H7xx_HAL_Driver\Src\stm32h7xx_hal_dac.o
                0x08001a9e                HAL_DAC_Init
 *fill*         0x08001ae2        0x2 
 .text.HAL_DAC_ConfigChannel
                0x08001ae4      0x260 Drivers\STM32H7xx_HAL_Driver\Src\stm32h7xx_hal_dac.o
                0x08001ae4                HAL_DAC_ConfigChannel
 .text.HAL_DMA_Init
                0x08001d44      0x6b8 Drivers\STM32H7xx_HAL_Driver\Src\stm32h7xx_hal_dma.o
                0x08001d44                HAL_DMA_Init
 .text.HAL_DMA_Abort
                0x080023fc      0x63c Drivers\STM32H7xx_HAL_Driver\Src\stm32h7xx_hal_dma.o
                0x080023fc                HAL_DMA_Abort
 .text.HAL_DMA_Abort_IT
                0x08002a38      0x488 Drivers\STM32H7xx_HAL_Driver\Src\stm32h7xx_hal_dma.o
                0x08002a38                HAL_DMA_Abort_IT
 .text.HAL_DMA_IRQHandler
                0x08002ec0      0xe54 Drivers\STM32H7xx_HAL_Driver\Src\stm32h7xx_hal_dma.o
                0x08002ec0                HAL_DMA_IRQHandler
 .text.DMA_CalcBaseAndBitshift
                0x08003d14      0x164 Drivers\STM32H7xx_HAL_Driver\Src\stm32h7xx_hal_dma.o
 .text.DMA_CheckFifoParam
                0x08003e78       0xf8 Drivers\STM32H7xx_HAL_Driver\Src\stm32h7xx_hal_dma.o
 .text.DMA_CalcDMAMUXChannelBaseAndMask
                0x08003f70      0x134 Drivers\STM32H7xx_HAL_Driver\Src\stm32h7xx_hal_dma.o
 .text.DMA_CalcDMAMUXRequestGenBaseAndMask
                0x080040a4       0xe8 Drivers\STM32H7xx_HAL_Driver\Src\stm32h7xx_hal_dma.o
 .text.HAL_GPIO_Init
                0x0800418c      0x360 Drivers\STM32H7xx_HAL_Driver\Src\stm32h7xx_hal_gpio.o
                0x0800418c                HAL_GPIO_Init
 .text.HAL_GPIO_WritePin
                0x080044ec       0x32 Drivers\STM32H7xx_HAL_Driver\Src\stm32h7xx_hal_gpio.o
                0x080044ec                HAL_GPIO_WritePin
 .text.HAL_GPIO_TogglePin
                0x0800451e       0x34 Drivers\STM32H7xx_HAL_Driver\Src\stm32h7xx_hal_gpio.o
                0x0800451e                HAL_GPIO_TogglePin
 *fill*         0x08004552        0x2 
 .text.HAL_PWREx_ConfigSupply
                0x08004554       0x74 Drivers\STM32H7xx_HAL_Driver\Src\stm32h7xx_hal_pwr_ex.o
                0x08004554                HAL_PWREx_ConfigSupply
 .text.HAL_RCC_OscConfig
                0x080045c8      0x820 Drivers\STM32H7xx_HAL_Driver\Src\stm32h7xx_hal_rcc.o
                0x080045c8                HAL_RCC_OscConfig
 .text.HAL_RCC_ClockConfig
                0x08004de8      0x36c Drivers\STM32H7xx_HAL_Driver\Src\stm32h7xx_hal_rcc.o
                0x08004de8                HAL_RCC_ClockConfig
 .text.HAL_RCC_GetSysClockFreq
                0x08005154      0x2e4 Drivers\STM32H7xx_HAL_Driver\Src\stm32h7xx_hal_rcc.o
                0x08005154                HAL_RCC_GetSysClockFreq
 .text.HAL_RCC_GetHCLKFreq
                0x08005438       0x60 Drivers\STM32H7xx_HAL_Driver\Src\stm32h7xx_hal_rcc.o
                0x08005438                HAL_RCC_GetHCLKFreq
 .text.HAL_RCC_GetPCLK1Freq
                0x08005498       0x2c Drivers\STM32H7xx_HAL_Driver\Src\stm32h7xx_hal_rcc.o
                0x08005498                HAL_RCC_GetPCLK1Freq
 .text.HAL_RCC_GetPCLK2Freq
                0x080054c4       0x2c Drivers\STM32H7xx_HAL_Driver\Src\stm32h7xx_hal_rcc.o
                0x080054c4                HAL_RCC_GetPCLK2Freq
 .text.HAL_RCCEx_PeriphCLKConfig
                0x080054f0      0xdfc Drivers\STM32H7xx_HAL_Driver\Src\stm32h7xx_hal_rcc_ex.o
                0x080054f0                HAL_RCCEx_PeriphCLKConfig
 .text.HAL_RCCEx_GetPeriphCLKFreq
                0x080062ec      0x8ec Drivers\STM32H7xx_HAL_Driver\Src\stm32h7xx_hal_rcc_ex.o
                0x080062ec                HAL_RCCEx_GetPeriphCLKFreq
 .text.HAL_RCCEx_GetD3PCLK1Freq
                0x08006bd8       0x2c Drivers\STM32H7xx_HAL_Driver\Src\stm32h7xx_hal_rcc_ex.o
                0x08006bd8                HAL_RCCEx_GetD3PCLK1Freq
 .text.HAL_RCCEx_GetPLL2ClockFreq
                0x08006c04      0x298 Drivers\STM32H7xx_HAL_Driver\Src\stm32h7xx_hal_rcc_ex.o
                0x08006c04                HAL_RCCEx_GetPLL2ClockFreq
 .text.HAL_RCCEx_GetPLL3ClockFreq
                0x08006e9c      0x298 Drivers\STM32H7xx_HAL_Driver\Src\stm32h7xx_hal_rcc_ex.o
                0x08006e9c                HAL_RCCEx_GetPLL3ClockFreq
 .text.HAL_RCCEx_GetPLL1ClockFreq
                0x08007134      0x298 Drivers\STM32H7xx_HAL_Driver\Src\stm32h7xx_hal_rcc_ex.o
                0x08007134                HAL_RCCEx_GetPLL1ClockFreq
 .text.RCCEx_PLL2_Config
                0x080073cc      0x164 Drivers\STM32H7xx_HAL_Driver\Src\stm32h7xx_hal_rcc_ex.o
 .text.RCCEx_PLL3_Config
                0x08007530      0x164 Drivers\STM32H7xx_HAL_Driver\Src\stm32h7xx_hal_rcc_ex.o
 .text.HAL_SPI_Init
                0x08007694      0x200 Drivers\STM32H7xx_HAL_Driver\Src\stm32h7xx_hal_spi.o
                0x08007694                HAL_SPI_Init
 .text.SPI_GetPacketSize
                0x08007894       0x36 Drivers\STM32H7xx_HAL_Driver\Src\stm32h7xx_hal_spi.o
 .text.HAL_TIM_Base_Init
                0x080078ca       0xae Drivers\STM32H7xx_HAL_Driver\Src\stm32h7xx_hal_tim.o
                0x080078ca                HAL_TIM_Base_Init
 .text.HAL_TIM_Base_Start_IT
                0x08007978       0xe0 Drivers\STM32H7xx_HAL_Driver\Src\stm32h7xx_hal_tim.o
                0x08007978                HAL_TIM_Base_Start_IT
 .text.HAL_TIM_PWM_Init
                0x08007a58       0xae Drivers\STM32H7xx_HAL_Driver\Src\stm32h7xx_hal_tim.o
                0x08007a58                HAL_TIM_PWM_Init
 .text.HAL_TIM_PWM_MspInit
                0x08007b06       0x14 Drivers\STM32H7xx_HAL_Driver\Src\stm32h7xx_hal_tim.o
                0x08007b06                HAL_TIM_PWM_MspInit
 .text.HAL_TIM_IRQHandler
                0x08007b1a      0x23e Drivers\STM32H7xx_HAL_Driver\Src\stm32h7xx_hal_tim.o
                0x08007b1a                HAL_TIM_IRQHandler
 .text.HAL_TIM_PWM_ConfigChannel
                0x08007d58      0x220 Drivers\STM32H7xx_HAL_Driver\Src\stm32h7xx_hal_tim.o
                0x08007d58                HAL_TIM_PWM_ConfigChannel
 .text.HAL_TIM_ConfigClockSource
                0x08007f78      0x1a0 Drivers\STM32H7xx_HAL_Driver\Src\stm32h7xx_hal_tim.o
                0x08007f78                HAL_TIM_ConfigClockSource
 .text.HAL_TIM_OC_DelayElapsedCallback
                0x08008118       0x14 Drivers\STM32H7xx_HAL_Driver\Src\stm32h7xx_hal_tim.o
                0x08008118                HAL_TIM_OC_DelayElapsedCallback
 .text.HAL_TIM_IC_CaptureCallback
                0x0800812c       0x14 Drivers\STM32H7xx_HAL_Driver\Src\stm32h7xx_hal_tim.o
                0x0800812c                HAL_TIM_IC_CaptureCallback
 .text.HAL_TIM_PWM_PulseFinishedCallback
                0x08008140       0x14 Drivers\STM32H7xx_HAL_Driver\Src\stm32h7xx_hal_tim.o
                0x08008140                HAL_TIM_PWM_PulseFinishedCallback
 .text.HAL_TIM_TriggerCallback
                0x08008154       0x14 Drivers\STM32H7xx_HAL_Driver\Src\stm32h7xx_hal_tim.o
                0x08008154                HAL_TIM_TriggerCallback
 .text.TIM_Base_SetConfig
                0x08008168      0x134 Drivers\STM32H7xx_HAL_Driver\Src\stm32h7xx_hal_tim.o
                0x08008168                TIM_Base_SetConfig
 .text.TIM_OC1_SetConfig
                0x0800829c      0x120 Drivers\STM32H7xx_HAL_Driver\Src\stm32h7xx_hal_tim.o
 .text.TIM_OC2_SetConfig
                0x080083bc      0x114 Drivers\STM32H7xx_HAL_Driver\Src\stm32h7xx_hal_tim.o
                0x080083bc                TIM_OC2_SetConfig
 .text.TIM_OC3_SetConfig
                0x080084d0      0x10c Drivers\STM32H7xx_HAL_Driver\Src\stm32h7xx_hal_tim.o
 .text.TIM_OC4_SetConfig
                0x080085dc       0xd0 Drivers\STM32H7xx_HAL_Driver\Src\stm32h7xx_hal_tim.o
 .text.TIM_OC5_SetConfig
                0x080086ac       0xc4 Drivers\STM32H7xx_HAL_Driver\Src\stm32h7xx_hal_tim.o
 .text.TIM_OC6_SetConfig
                0x08008770       0xc8 Drivers\STM32H7xx_HAL_Driver\Src\stm32h7xx_hal_tim.o
 .text.TIM_TI1_ConfigInputStage
                0x08008838       0x5e Drivers\STM32H7xx_HAL_Driver\Src\stm32h7xx_hal_tim.o
 .text.TIM_TI2_ConfigInputStage
                0x08008896       0x60 Drivers\STM32H7xx_HAL_Driver\Src\stm32h7xx_hal_tim.o
 *fill*         0x080088f6        0x2 
 .text.TIM_ITRx_SetConfig
                0x080088f8       0x3c Drivers\STM32H7xx_HAL_Driver\Src\stm32h7xx_hal_tim.o
 .text.TIM_ETR_SetConfig
                0x08008934       0x40 Drivers\STM32H7xx_HAL_Driver\Src\stm32h7xx_hal_tim.o
                0x08008934                TIM_ETR_SetConfig
 .text.HAL_TIMEx_MasterConfigSynchronization
                0x08008974      0x110 Drivers\STM32H7xx_HAL_Driver\Src\stm32h7xx_hal_tim_ex.o
                0x08008974                HAL_TIMEx_MasterConfigSynchronization
 .text.HAL_TIMEx_CommutCallback
                0x08008a84       0x14 Drivers\STM32H7xx_HAL_Driver\Src\stm32h7xx_hal_tim_ex.o
                0x08008a84                HAL_TIMEx_CommutCallback
 .text.HAL_TIMEx_BreakCallback
                0x08008a98       0x14 Drivers\STM32H7xx_HAL_Driver\Src\stm32h7xx_hal_tim_ex.o
                0x08008a98                HAL_TIMEx_BreakCallback
 .text.HAL_TIMEx_Break2Callback
                0x08008aac       0x14 Drivers\STM32H7xx_HAL_Driver\Src\stm32h7xx_hal_tim_ex.o
                0x08008aac                HAL_TIMEx_Break2Callback
 .text.HAL_UART_Init
                0x08008ac0       0xa0 Drivers\STM32H7xx_HAL_Driver\Src\stm32h7xx_hal_uart.o
                0x08008ac0                HAL_UART_Init
 .text.HAL_UART_IRQHandler
                0x08008b60      0x578 Drivers\STM32H7xx_HAL_Driver\Src\stm32h7xx_hal_uart.o
                0x08008b60                HAL_UART_IRQHandler
 .text.HAL_UART_TxCpltCallback
                0x080090d8       0x14 Drivers\STM32H7xx_HAL_Driver\Src\stm32h7xx_hal_uart.o
                0x080090d8                HAL_UART_TxCpltCallback
 .text.HAL_UART_ErrorCallback
                0x080090ec       0x14 Drivers\STM32H7xx_HAL_Driver\Src\stm32h7xx_hal_uart.o
                0x080090ec                HAL_UART_ErrorCallback
 .text.HAL_UARTEx_RxEventCallback
                0x08009100       0x18 Drivers\STM32H7xx_HAL_Driver\Src\stm32h7xx_hal_uart.o
                0x08009100                HAL_UARTEx_RxEventCallback
 .text.UART_SetConfig
                0x08009118      0xb40 Drivers\STM32H7xx_HAL_Driver\Src\stm32h7xx_hal_uart.o
                0x08009118                UART_SetConfig
 .text.UART_AdvFeatureConfig
                0x08009c58      0x144 Drivers\STM32H7xx_HAL_Driver\Src\stm32h7xx_hal_uart.o
                0x08009c58                UART_AdvFeatureConfig
 .text.UART_CheckIdleState
                0x08009d9c       0x96 Drivers\STM32H7xx_HAL_Driver\Src\stm32h7xx_hal_uart.o
                0x08009d9c                UART_CheckIdleState
 .text.UART_WaitOnFlagUntilTimeout
                0x08009e32      0x100 Drivers\STM32H7xx_HAL_Driver\Src\stm32h7xx_hal_uart.o
                0x08009e32                UART_WaitOnFlagUntilTimeout
 *fill*         0x08009f32        0x2 
 .text.UART_EndRxTransfer
                0x08009f34       0x64 Drivers\STM32H7xx_HAL_Driver\Src\stm32h7xx_hal_uart.o
 .text.UART_DMAAbortOnError
                0x08009f98       0x2c Drivers\STM32H7xx_HAL_Driver\Src\stm32h7xx_hal_uart.o
 .text.UART_EndTransmit_IT
                0x08009fc4       0x34 Drivers\STM32H7xx_HAL_Driver\Src\stm32h7xx_hal_uart.o
 .text.HAL_UARTEx_WakeupCallback
                0x08009ff8       0x14 Drivers\STM32H7xx_HAL_Driver\Src\stm32h7xx_hal_uart_ex.o
                0x08009ff8                HAL_UARTEx_WakeupCallback
 .text.HAL_UARTEx_RxFifoFullCallback
                0x0800a00c       0x14 Drivers\STM32H7xx_HAL_Driver\Src\stm32h7xx_hal_uart_ex.o
                0x0800a00c                HAL_UARTEx_RxFifoFullCallback
 .text.HAL_UARTEx_TxFifoEmptyCallback
                0x0800a020       0x14 Drivers\STM32H7xx_HAL_Driver\Src\stm32h7xx_hal_uart_ex.o
                0x0800a020                HAL_UARTEx_TxFifoEmptyCallback
 .text.HAL_UARTEx_DisableFifoMode
                0x0800a034       0x72 Drivers\STM32H7xx_HAL_Driver\Src\stm32h7xx_hal_uart_ex.o
                0x0800a034                HAL_UARTEx_DisableFifoMode
 .text.HAL_UARTEx_SetTxFifoThreshold
                0x0800a0a6       0x7c Drivers\STM32H7xx_HAL_Driver\Src\stm32h7xx_hal_uart_ex.o
                0x0800a0a6                HAL_UARTEx_SetTxFifoThreshold
 .text.HAL_UARTEx_SetRxFifoThreshold
                0x0800a122       0x7c Drivers\STM32H7xx_HAL_Driver\Src\stm32h7xx_hal_uart_ex.o
                0x0800a122                HAL_UARTEx_SetRxFifoThreshold
 *fill*         0x0800a19e        0x2 
 .text.UARTEx_SetNbDataToProcess
                0x0800a1a0       0x9c Drivers\STM32H7xx_HAL_Driver\Src\stm32h7xx_hal_uart_ex.o
 .text.MX_ADC1_Init
                0x0800a23c       0xf0 Src\adc.o
                0x0800a23c                MX_ADC1_Init
 .text.MX_ADC3_Init
                0x0800a32c       0xcc Src\adc.o
                0x0800a32c                MX_ADC3_Init
 .text.HAL_ADC_MspInit
                0x0800a3f8      0x150 Src\adc.o
                0x0800a3f8                HAL_ADC_MspInit
 .text.MX_DAC1_Init
                0x0800a548       0x78 Src\dac.o
                0x0800a548                MX_DAC1_Init
 .text.HAL_DAC_MspInit
                0x0800a5c0       0x8c Src\dac.o
                0x0800a5c0                HAL_DAC_MspInit
 .text.MX_DMA_Init
                0x0800a64c       0x60 Src\dma.o
                0x0800a64c                MX_DMA_Init
 .text.MX_GPIO_Init
                0x0800a6ac      0x280 Src\gpio.o
                0x0800a6ac                MX_GPIO_Init
 *fill*         0x0800a92c        0x4 
 .text.HAL_TIM_PeriodElapsedCallback
                0x0800a930      0x19c Src\main.o
                0x0800a930                HAL_TIM_PeriodElapsedCallback
 *fill*         0x0800aacc        0x4 
 .text.main     0x0800aad0       0xb0 Src\main.o
                0x0800aad0                main
 .text.SystemClock_Config
                0x0800ab80      0x108 Src\main.o
                0x0800ab80                SystemClock_Config
 .text.PeriphCommonClock_Config
                0x0800ac88       0x6c Src\main.o
                0x0800ac88                PeriphCommonClock_Config
 .text.Error_Handler
                0x0800acf4        0x8 Src\main.o
                0x0800acf4                Error_Handler
 .text.PIDInputSWitch
                0x0800acfc       0x36 Src\main.o
                0x0800acfc                PIDInputSWitch
 *fill*         0x0800ad32        0x6 
 .text.PID_vInit
                0x0800ad38      0x210 Src\main.o
                0x0800ad38                PID_vInit
 .text.PID_Calc
                0x0800af48      0x1b2 Src\main.o
                0x0800af48                PID_Calc
 *fill*         0x0800b0fa        0x2 
 .text.SPI1_start
                0x0800b0fc       0x34 Src\main.o
                0x0800b0fc                SPI1_start
 .text.SPI1_transmit
                0x0800b130       0x48 Src\main.o
                0x0800b130                SPI1_transmit
 .text.MX_SPI1_Init
                0x0800b178       0xac Src\spi.o
                0x0800b178                MX_SPI1_Init
 .text.MX_SPI4_Init
                0x0800b224       0xb0 Src\spi.o
                0x0800b224                MX_SPI4_Init
 .text.HAL_SPI_MspInit
                0x0800b2d4      0x144 Src\spi.o
                0x0800b2d4                HAL_SPI_MspInit
 .text.HAL_MspInit
                0x0800b418       0x34 Src\stm32h7xx_hal_msp.o
                0x0800b418                HAL_MspInit
 .text.NMI_Handler
                0x0800b44c        0x6 Src\stm32h7xx_it.o
                0x0800b44c                NMI_Handler
 .text.HardFault_Handler
                0x0800b452        0x6 Src\stm32h7xx_it.o
                0x0800b452                HardFault_Handler
 .text.MemManage_Handler
                0x0800b458        0x6 Src\stm32h7xx_it.o
                0x0800b458                MemManage_Handler
 .text.BusFault_Handler
                0x0800b45e        0x6 Src\stm32h7xx_it.o
                0x0800b45e                BusFault_Handler
 .text.UsageFault_Handler
                0x0800b464        0x6 Src\stm32h7xx_it.o
                0x0800b464                UsageFault_Handler
 .text.SVC_Handler
                0x0800b46a        0xe Src\stm32h7xx_it.o
                0x0800b46a                SVC_Handler
 .text.DebugMon_Handler
                0x0800b478        0xe Src\stm32h7xx_it.o
                0x0800b478                DebugMon_Handler
 .text.PendSV_Handler
                0x0800b486        0xe Src\stm32h7xx_it.o
                0x0800b486                PendSV_Handler
 .text.SysTick_Handler
                0x0800b494        0xc Src\stm32h7xx_it.o
                0x0800b494                SysTick_Handler
 .text.DMA1_Stream0_IRQHandler
                0x0800b4a0       0x14 Src\stm32h7xx_it.o
                0x0800b4a0                DMA1_Stream0_IRQHandler
 .text.DMA1_Stream1_IRQHandler
                0x0800b4b4       0x14 Src\stm32h7xx_it.o
                0x0800b4b4                DMA1_Stream1_IRQHandler
 .text.DMA1_Stream2_IRQHandler
                0x0800b4c8       0x14 Src\stm32h7xx_it.o
                0x0800b4c8                DMA1_Stream2_IRQHandler
 .text.TIM2_IRQHandler
                0x0800b4dc       0x14 Src\stm32h7xx_it.o
                0x0800b4dc                TIM2_IRQHandler
 .text.USART3_IRQHandler
                0x0800b4f0       0x14 Src\stm32h7xx_it.o
                0x0800b4f0                USART3_IRQHandler
 .text.SystemInit
                0x0800b504      0x118 Src\system_stm32h7xx.o
                0x0800b504                SystemInit
 .text.MX_TIM2_Init
                0x0800b61c       0xec Src\tim.o
                0x0800b61c                MX_TIM2_Init
 .text.HAL_TIM_Base_MspInit
                0x0800b708       0x4c Src\tim.o
                0x0800b708                HAL_TIM_Base_MspInit
 .text.HAL_TIM_MspPostInit
                0x0800b754       0x70 Src\tim.o
                0x0800b754                HAL_TIM_MspPostInit
 .text.MX_USART3_UART_Init
                0x0800b7c4       0x98 Src\usart.o
                0x0800b7c4                MX_USART3_UART_Init
 .text.HAL_UART_MspInit
                0x0800b85c      0x1a4 Src\usart.o
                0x0800b85c                HAL_UART_MspInit
 .text.Reset_Handler
                0x0800ba00       0x50 startup\startup_stm32h743xx.o
                0x0800ba00                Reset_Handler
 .text.Default_Handler
                0x0800ba50        0x2 startup\startup_stm32h743xx.o
                0x0800ba50                RTC_Alarm_IRQHandler
                0x0800ba50                EXTI2_IRQHandler
                0x0800ba50                TIM8_CC_IRQHandler
                0x0800ba50                HRTIM1_Master_IRQHandler
                0x0800ba50                UART8_IRQHandler
                0x0800ba50                SPI4_IRQHandler
                0x0800ba50                TIM1_CC_IRQHandler
                0x0800ba50                BDMA_Channel6_IRQHandler
                0x0800ba50                DMA2_Stream5_IRQHandler
                0x0800ba50                HRTIM1_FLT_IRQHandler
                0x0800ba50                JPEG_IRQHandler
                0x0800ba50                DMA1_Stream5_IRQHandler
                0x0800ba50                BDMA_Channel1_IRQHandler
                0x0800ba50                HRTIM1_TIMD_IRQHandler
                0x0800ba50                TAMP_STAMP_IRQHandler
                0x0800ba50                EXTI3_IRQHandler
                0x0800ba50                LPTIM4_IRQHandler
                0x0800ba50                TIM8_TRG_COM_TIM14_IRQHandler
                0x0800ba50                LPTIM2_IRQHandler
                0x0800ba50                DFSDM1_FLT1_IRQHandler
                0x0800ba50                DMAMUX2_OVR_IRQHandler
                0x0800ba50                TIM8_UP_TIM13_IRQHandler
                0x0800ba50                I2C3_ER_IRQHandler
                0x0800ba50                DFSDM1_FLT2_IRQHandler
                0x0800ba50                MDMA_IRQHandler
                0x0800ba50                LPTIM3_IRQHandler
                0x0800ba50                HSEM1_IRQHandler
                0x0800ba50                EXTI0_IRQHandler
                0x0800ba50                I2C2_EV_IRQHandler
                0x0800ba50                FPU_IRQHandler
                0x0800ba50                OTG_HS_WKUP_IRQHandler
                0x0800ba50                FDCAN1_IT1_IRQHandler
                0x0800ba50                LTDC_ER_IRQHandler
                0x0800ba50                DMA2_Stream2_IRQHandler
                0x0800ba50                HRTIM1_TIME_IRQHandler
                0x0800ba50                SPI1_IRQHandler
                0x0800ba50                TIM6_DAC_IRQHandler
                0x0800ba50                DCMI_IRQHandler
                0x0800ba50                HRTIM1_TIMC_IRQHandler
                0x0800ba50                DMA2_Stream3_IRQHandler
                0x0800ba50                SAI2_IRQHandler
                0x0800ba50                DFSDM1_FLT3_IRQHandler
                0x0800ba50                USART6_IRQHandler
                0x0800ba50                TIM17_IRQHandler
                0x0800ba50                BDMA_Channel7_IRQHandler
                0x0800ba50                LPTIM5_IRQHandler
                0x0800ba50                UART5_IRQHandler
                0x0800ba50                ADC3_IRQHandler
                0x0800ba50                DMA2_Stream0_IRQHandler
                0x0800ba50                TIM4_IRQHandler
                0x0800ba50                BDMA_Channel2_IRQHandler
                0x0800ba50                QUADSPI_IRQHandler
                0x0800ba50                I2C1_EV_IRQHandler
                0x0800ba50                DMA1_Stream6_IRQHandler
                0x0800ba50                DMAMUX1_OVR_IRQHandler
                0x0800ba50                TIM16_IRQHandler
                0x0800ba50                UART4_IRQHandler
                0x0800ba50                BDMA_Channel5_IRQHandler
                0x0800ba50                TIM3_IRQHandler
                0x0800ba50                RCC_IRQHandler
                0x0800ba50                TIM8_BRK_TIM12_IRQHandler
                0x0800ba50                TIM1_TRG_COM_IRQHandler
                0x0800ba50                Default_Handler
                0x0800ba50                ECC_IRQHandler
                0x0800ba50                CEC_IRQHandler
                0x0800ba50                EXTI15_10_IRQHandler
                0x0800ba50                BDMA_Channel0_IRQHandler
                0x0800ba50                ADC_IRQHandler
                0x0800ba50                DMA1_Stream7_IRQHandler
                0x0800ba50                HRTIM1_TIMA_IRQHandler
                0x0800ba50                SPI5_IRQHandler
                0x0800ba50                TIM7_IRQHandler
                0x0800ba50                SDMMC1_IRQHandler
                0x0800ba50                TIM5_IRQHandler
                0x0800ba50                DMA2_Stream7_IRQHandler
                0x0800ba50                TIM15_IRQHandler
                0x0800ba50                PVD_AVD_IRQHandler
                0x0800ba50                I2C3_EV_IRQHandler
                0x0800ba50                EXTI9_5_IRQHandler
                0x0800ba50                RTC_WKUP_IRQHandler
                0x0800ba50                LTDC_IRQHandler
                0x0800ba50                SAI3_IRQHandler
                0x0800ba50                ETH_WKUP_IRQHandler
                0x0800ba50                SPDIF_RX_IRQHandler
                0x0800ba50                SPI2_IRQHandler
                0x0800ba50                OTG_HS_EP1_IN_IRQHandler
                0x0800ba50                CRS_IRQHandler
                0x0800ba50                EXTI4_IRQHandler
                0x0800ba50                RNG_IRQHandler
                0x0800ba50                HRTIM1_TIMB_IRQHandler
                0x0800ba50                FDCAN2_IT1_IRQHandler
                0x0800ba50                ETH_IRQHandler
                0x0800ba50                TIM1_UP_IRQHandler
                0x0800ba50                BDMA_Channel4_IRQHandler
                0x0800ba50                OTG_HS_EP1_OUT_IRQHandler
                0x0800ba50                WWDG_IRQHandler
                0x0800ba50                SPI6_IRQHandler
                0x0800ba50                MDIOS_IRQHandler
                0x0800ba50                I2C4_EV_IRQHandler
                0x0800ba50                FDCAN2_IT0_IRQHandler
                0x0800ba50                LPUART1_IRQHandler
                0x0800ba50                FDCAN1_IT0_IRQHandler
                0x0800ba50                OTG_FS_WKUP_IRQHandler
                0x0800ba50                OTG_HS_IRQHandler
                0x0800ba50                DMA2D_IRQHandler
                0x0800ba50                TIM1_BRK_IRQHandler
                0x0800ba50                EXTI1_IRQHandler
                0x0800ba50                SDMMC2_IRQHandler
                0x0800ba50                OTG_FS_EP1_OUT_IRQHandler
                0x0800ba50                BDMA_Channel3_IRQHandler
                0x0800ba50                UART7_IRQHandler
                0x0800ba50                MDIOS_WKUP_IRQHandler
                0x0800ba50                USART2_IRQHandler
                0x0800ba50                DFSDM1_FLT0_IRQHandler
                0x0800ba50                SAI4_IRQHandler
                0x0800ba50                I2C2_ER_IRQHandler
                0x0800ba50                DMA2_Stream1_IRQHandler
                0x0800ba50                FLASH_IRQHandler
                0x0800ba50                DMA2_Stream4_IRQHandler
                0x0800ba50                USART1_IRQHandler
                0x0800ba50                OTG_FS_IRQHandler
                0x0800ba50                SPI3_IRQHandler
                0x0800ba50                WAKEUP_PIN_IRQHandler
                0x0800ba50                DMA1_Stream4_IRQHandler
                0x0800ba50                OTG_FS_EP1_IN_IRQHandler
                0x0800ba50                I2C1_ER_IRQHandler
                0x0800ba50                FMC_IRQHandler
                0x0800ba50                FDCAN_CAL_IRQHandler
                0x0800ba50                SWPMI1_IRQHandler
                0x0800ba50                COMP1_IRQHandler
                0x0800ba50                LPTIM1_IRQHandler
                0x0800ba50                I2C4_ER_IRQHandler
                0x0800ba50                DMA2_Stream6_IRQHandler
                0x0800ba50                SAI1_IRQHandler
                0x0800ba50                DMA1_Stream3_IRQHandler
 *fill*         0x0800ba52        0x2 
 .text.__libc_init_array
                0x0800ba54       0x48 c:/program files (x86)/atollic/truestudio for stm32 9.1.0/armtools/bin/../lib/gcc/arm-atollic-eabi/6.3.1/../../../../arm-atollic-eabi/lib/armv7e-m/fpu/fpv5-d16\libc_nano.a(lib_a-init.o)
                0x0800ba54                __libc_init_array
 .text.memset   0x0800ba9c       0x10 c:/program files (x86)/atollic/truestudio for stm32 9.1.0/armtools/bin/../lib/gcc/arm-atollic-eabi/6.3.1/../../../../arm-atollic-eabi/lib/armv7e-m/fpu/fpv5-d16\libc_nano.a(lib_a-memset.o)
                0x0800ba9c                memset
 *(.glue_7)
 .glue_7        0x0800baac        0x0 linker stubs
 *(.glue_7t)
 .glue_7t       0x0800baac        0x0 linker stubs
 *(.eh_frame)
 .eh_frame      0x0800baac        0x0 c:/program files (x86)/atollic/truestudio for stm32 9.1.0/armtools/bin/../lib/gcc/arm-atollic-eabi/6.3.1/armv7e-m/fpu/fpv5-d16/crtbegin.o
 *(.init)
 .init          0x0800baac        0x4 c:/program files (x86)/atollic/truestudio for stm32 9.1.0/armtools/bin/../lib/gcc/arm-atollic-eabi/6.3.1/armv7e-m/fpu/fpv5-d16/crti.o
                0x0800baac                _init
 .init          0x0800bab0        0x8 c:/program files (x86)/atollic/truestudio for stm32 9.1.0/armtools/bin/../lib/gcc/arm-atollic-eabi/6.3.1/armv7e-m/fpu/fpv5-d16/crtn.o
 *(.fini)
 .fini          0x0800bab8        0x4 c:/program files (x86)/atollic/truestudio for stm32 9.1.0/armtools/bin/../lib/gcc/arm-atollic-eabi/6.3.1/armv7e-m/fpu/fpv5-d16/crti.o
                0x0800bab8                _fini
 .fini          0x0800babc        0x8 c:/program files (x86)/atollic/truestudio for stm32 9.1.0/armtools/bin/../lib/gcc/arm-atollic-eabi/6.3.1/armv7e-m/fpu/fpv5-d16/crtn.o
                0x0800bac4                . = ALIGN (0x4)
                0x0800bac4                _etext = .

.vfp11_veneer   0x0800bac4        0x0
 .vfp11_veneer  0x0800bac4        0x0 linker stubs

.v4_bx          0x0800bac4        0x0
 .v4_bx         0x0800bac4        0x0 linker stubs

.iplt           0x0800bac4        0x0
 .iplt          0x0800bac4        0x0 c:/program files (x86)/atollic/truestudio for stm32 9.1.0/armtools/bin/../lib/gcc/arm-atollic-eabi/6.3.1/armv7e-m/fpu/fpv5-d16/crtbegin.o

.rodata         0x0800bac4       0x40
                0x0800bac4                . = ALIGN (0x4)
 *(.rodata)
 *(.rodata*)
 .rodata.flagBitshiftOffset.11916
                0x0800bac4        0x8 Drivers\STM32H7xx_HAL_Driver\Src\stm32h7xx_hal_dma.o
 .rodata.UARTPrescTable
                0x0800bacc       0x18 Drivers\STM32H7xx_HAL_Driver\Src\stm32h7xx_hal_uart.o
                0x0800bacc                UARTPrescTable
 .rodata.numerator.11871
                0x0800bae4        0x8 Drivers\STM32H7xx_HAL_Driver\Src\stm32h7xx_hal_uart_ex.o
 .rodata.denominator.11872
                0x0800baec        0x8 Drivers\STM32H7xx_HAL_Driver\Src\stm32h7xx_hal_uart_ex.o
 .rodata.D1CorePrescTable
                0x0800baf4       0x10 Src\system_stm32h7xx.o
                0x0800baf4                D1CorePrescTable
                0x0800bb04                . = ALIGN (0x4)

.ARM.extab
 *(.ARM.extab* .gnu.linkonce.armextab.*)

.ARM            0x0800bb04        0x8
                0x0800bb04                __exidx_start = .
 *(.ARM.exidx*)
 .ARM.exidx     0x0800bb04        0x8 c:/program files (x86)/atollic/truestudio for stm32 9.1.0/armtools/bin/../lib/gcc/arm-atollic-eabi/6.3.1/armv7e-m/fpu/fpv5-d16\libgcc.a(_udivmoddi4.o)
                0x0800bb0c                __exidx_end = .

.rel.dyn        0x0800bb0c        0x0
 .rel.iplt      0x0800bb0c        0x0 c:/program files (x86)/atollic/truestudio for stm32 9.1.0/armtools/bin/../lib/gcc/arm-atollic-eabi/6.3.1/armv7e-m/fpu/fpv5-d16/crtbegin.o

.preinit_array  0x0800bb0c        0x0
                0x0800bb0c                PROVIDE (__preinit_array_start, .)
 *(.preinit_array*)
                0x0800bb0c                PROVIDE (__preinit_array_end, .)

.init_array     0x0800bb0c        0x4
                0x0800bb0c                PROVIDE (__init_array_start, .)
 *(SORT(.init_array.*))
 *(.init_array*)
 .init_array    0x0800bb0c        0x4 c:/program files (x86)/atollic/truestudio for stm32 9.1.0/armtools/bin/../lib/gcc/arm-atollic-eabi/6.3.1/armv7e-m/fpu/fpv5-d16/crtbegin.o
                0x0800bb10                PROVIDE (__init_array_end, .)

.fini_array     0x0800bb10        0x4
                [!provide]                PROVIDE (__fini_array_start, .)
 *(SORT(.fini_array.*))
 *(.fini_array*)
 .fini_array    0x0800bb10        0x4 c:/program files (x86)/atollic/truestudio for stm32 9.1.0/armtools/bin/../lib/gcc/arm-atollic-eabi/6.3.1/armv7e-m/fpu/fpv5-d16/crtbegin.o
                [!provide]                PROVIDE (__fini_array_end, .)
                0x0800bb14                _sidata = LOADADDR (.data)

.data           0x24000000       0x18 load address 0x0800bb14
                0x24000000                . = ALIGN (0x4)
                0x24000000                _sdata = .
 *(.data)
 *(.data*)
 .data.uwTickPrio
                0x24000000        0x4 Drivers\STM32H7xx_HAL_Driver\Src\stm32h7xx_hal.o
                0x24000000                uwTickPrio
 .data.uwTickFreq
                0x24000004        0x1 Drivers\STM32H7xx_HAL_Driver\Src\stm32h7xx_hal.o
                0x24000004                uwTickFreq
 .data.PIDInputOption
                0x24000005        0x1 Src\main.o
                0x24000005                PIDInputOption
 *fill*         0x24000006        0x2 
 .data.pPID1    0x24000008        0x4 Src\main.o
                0x24000008                pPID1
 .data.ptxdr_16bits
                0x2400000c        0x4 Src\main.o
                0x2400000c                ptxdr_16bits
 .data.SystemCoreClock
                0x24000010        0x4 Src\system_stm32h7xx.o
                0x24000010                SystemCoreClock
 .data.SystemD2Clock
                0x24000014        0x4 Src\system_stm32h7xx.o
                0x24000014                SystemD2Clock
                0x24000018                . = ALIGN (0x4)
                0x24000018                _edata = .

.igot.plt       0x24000018        0x0 load address 0x0800bb2c
 .igot.plt      0x24000018        0x0 c:/program files (x86)/atollic/truestudio for stm32 9.1.0/armtools/bin/../lib/gcc/arm-atollic-eabi/6.3.1/armv7e-m/fpu/fpv5-d16/crtbegin.o
                0x24000018                . = ALIGN (0x4)

.bss            0x24000018      0x694 load address 0x0800bb2c
                0x24000018                _sbss = .
                0x24000018                __bss_start__ = _sbss
 *(.bss)
 .bss           0x24000018       0x1c c:/program files (x86)/atollic/truestudio for stm32 9.1.0/armtools/bin/../lib/gcc/arm-atollic-eabi/6.3.1/armv7e-m/fpu/fpv5-d16/crtbegin.o
 *(.bss*)
 .bss.adc_value
                0x24000034        0x4 Src\main.o
                0x24000034                adc_value
 .bss.volt_value
                0x24000038        0x8 Src\main.o
                0x24000038                volt_value
 .bss.PT_Anf    0x24000040        0x8 Src\main.o
                0x24000040                PT_Anf
 .bss.PT_End    0x24000048        0x8 Src\main.o
                0x24000048                PT_End
 .bss.duration  0x24000050        0x8 Src\main.o
                0x24000050                duration
 .bss.LockInOutput
                0x24000058        0x8 Src\main.o
                0x24000058                LockInOutput
 .bss.spi_data  0x24000060        0x2 Src\main.o
                0x24000060                spi_data
 *(COMMON)
 *fill*         0x24000062        0x2 
 COMMON         0x24000064        0x4 Drivers\STM32H7xx_HAL_Driver\Src\stm32h7xx_hal.o
                0x24000064                uwTick
 COMMON         0x24000068      0x2f8 Src\adc.o
                0x24000068                Switch2_ModulationEnable
                0x24000070                InstancePID2
                0x24000130                tty4
                0x24000138                Switch2_DACOffset
                0x24000140                hadc1
                0x240001a4                hadc3
                0x24000208                InstancePID1
                0x240002c8                tty2
                0x240002cc                hdma_adc1
                0x24000344                tty3
                0x24000348                Switch1_offsetEnable
                0x24000349                Switch1_PID1Enable
                0x2400034a                Switch2_PID1Enable
                0x2400034b                Switch1_PID2Enable
                0x2400034c                Switch2_PID2Enable
                0x2400034d                Switch2_offsetEnable
                0x24000350                tty1
                0x24000354                Switch1_ModulationEnable
                0x24000358                Switch1_DACOffset
 COMMON         0x24000360       0x14 Src\dac.o
                0x24000360                hdac1
 *fill*         0x24000374        0x4 
 COMMON         0x24000378       0x58 Src\main.o
                0x24000378                yout
                0x24000380                li
                0x24000384                charI
                0x240003a4                DACoutput1
                0x240003a8                ADCBuf
                0x240003b0                pData
                0x240003b8                paramFreq
                0x240003c0                DACoutput2
                0x240003c4                acValBuffer
                0x240003c8                Tim2ARR
                0x240003cc                hexString
                0x240003ce                pdata
 COMMON         0x240003d0      0x110 Src\spi.o
                0x240003d0                hspi4
                0x24000458                hspi1
 COMMON         0x240004e0       0x4c Src\tim.o
                0x240004e0                htim2
 COMMON         0x2400052c      0x180 Src\usart.o
                0x2400052c                hdma_usart3_rx
                0x240005a4                huart3
                0x24000634                hdma_usart3_tx
                0x240006ac                . = ALIGN (0x4)
                0x240006ac                _ebss = .
                0x240006ac                __bss_end__ = _ebss

._user_heap_stack
                0x240006ac     0x3400 load address 0x0800bb2c
                0x240006ac                . = ALIGN (0x4)
                0x240006ac                PROVIDE (end, .)
                [!provide]                PROVIDE (_end, .)
                0x240036ac                . = (. + _Min_Heap_Size)
 *fill*         0x240006ac     0x3000 
                0x24003aac                . = (. + _Min_Stack_Size)
 *fill*         0x240036ac      0x400 
                0x24003aac                . = ALIGN (0x4)

/DISCARD/
 libc.a(*)
 libm.a(*)
 libgcc.a(*)

.ARM.attributes
                0x00000000       0x2e
 *(.ARM.attributes)
 .ARM.attributes
                0x00000000       0x20 c:/program files (x86)/atollic/truestudio for stm32 9.1.0/armtools/bin/../lib/gcc/arm-atollic-eabi/6.3.1/armv7e-m/fpu/fpv5-d16/crti.o
 .ARM.attributes
                0x00000020       0x32 c:/program files (x86)/atollic/truestudio for stm32 9.1.0/armtools/bin/../lib/gcc/arm-atollic-eabi/6.3.1/armv7e-m/fpu/fpv5-d16/crtbegin.o
 .ARM.attributes
                0x00000052       0x37 Drivers\STM32H7xx_HAL_Driver\Src\stm32h7xx_hal.o
 .ARM.attributes
                0x00000089       0x37 Drivers\STM32H7xx_HAL_Driver\Src\stm32h7xx_hal_adc.o
 .ARM.attributes
                0x000000c0       0x37 Drivers\STM32H7xx_HAL_Driver\Src\stm32h7xx_hal_adc_ex.o
 .ARM.attributes
                0x000000f7       0x37 Drivers\STM32H7xx_HAL_Driver\Src\stm32h7xx_hal_cortex.o
 .ARM.attributes
                0x0000012e       0x37 Drivers\STM32H7xx_HAL_Driver\Src\stm32h7xx_hal_dac.o
 .ARM.attributes
                0x00000165       0x37 Drivers\STM32H7xx_HAL_Driver\Src\stm32h7xx_hal_dma.o
 .ARM.attributes
                0x0000019c       0x37 Drivers\STM32H7xx_HAL_Driver\Src\stm32h7xx_hal_gpio.o
 .ARM.attributes
                0x000001d3       0x37 Drivers\STM32H7xx_HAL_Driver\Src\stm32h7xx_hal_pwr_ex.o
 .ARM.attributes
                0x0000020a       0x37 Drivers\STM32H7xx_HAL_Driver\Src\stm32h7xx_hal_rcc.o
 .ARM.attributes
                0x00000241       0x37 Drivers\STM32H7xx_HAL_Driver\Src\stm32h7xx_hal_rcc_ex.o
 .ARM.attributes
                0x00000278       0x37 Drivers\STM32H7xx_HAL_Driver\Src\stm32h7xx_hal_spi.o
 .ARM.attributes
                0x000002af       0x37 Drivers\STM32H7xx_HAL_Driver\Src\stm32h7xx_hal_tim.o
 .ARM.attributes
                0x000002e6       0x37 Drivers\STM32H7xx_HAL_Driver\Src\stm32h7xx_hal_tim_ex.o
 .ARM.attributes
                0x0000031d       0x37 Drivers\STM32H7xx_HAL_Driver\Src\stm32h7xx_hal_uart.o
 .ARM.attributes
                0x00000354       0x37 Drivers\STM32H7xx_HAL_Driver\Src\stm32h7xx_hal_uart_ex.o
 .ARM.attributes
                0x0000038b       0x37 Src\adc.o
 .ARM.attributes
                0x000003c2       0x37 Src\dac.o
 .ARM.attributes
                0x000003f9       0x37 Src\dma.o
 .ARM.attributes
                0x00000430       0x37 Src\gpio.o
 .ARM.attributes
                0x00000467       0x37 Src\main.o
 .ARM.attributes
                0x0000049e       0x37 Src\spi.o
 .ARM.attributes
                0x000004d5       0x37 Src\stm32h7xx_hal_msp.o
 .ARM.attributes
                0x0000050c       0x37 Src\stm32h7xx_it.o
 .ARM.attributes
                0x00000543       0x37 Src\system_stm32h7xx.o
 .ARM.attributes
                0x0000057a       0x37 Src\tim.o
 .ARM.attributes
                0x000005b1       0x37 Src\usart.o
 .ARM.attributes
                0x000005e8       0x21 startup\startup_stm32h743xx.o
 .ARM.attributes
                0x00000609       0x32 c:/program files (x86)/atollic/truestudio for stm32 9.1.0/armtools/bin/../lib/gcc/arm-atollic-eabi/6.3.1/../../../../arm-atollic-eabi/lib/armv7e-m/fpu/fpv5-d16\libc_nano.a(lib_a-init.o)
 .ARM.attributes
                0x0000063b       0x32 c:/program files (x86)/atollic/truestudio for stm32 9.1.0/armtools/bin/../lib/gcc/arm-atollic-eabi/6.3.1/../../../../arm-atollic-eabi/lib/armv7e-m/fpu/fpv5-d16\libc_nano.a(lib_a-memset.o)
 .ARM.attributes
                0x0000066d       0x20 c:/program files (x86)/atollic/truestudio for stm32 9.1.0/armtools/bin/../lib/gcc/arm-atollic-eabi/6.3.1/armv7e-m/fpu/fpv5-d16\libgcc.a(_aeabi_uldivmod.o)
 .ARM.attributes
                0x0000068d       0x32 c:/program files (x86)/atollic/truestudio for stm32 9.1.0/armtools/bin/../lib/gcc/arm-atollic-eabi/6.3.1/armv7e-m/fpu/fpv5-d16\libgcc.a(_udivmoddi4.o)
 .ARM.attributes
                0x000006bf       0x20 c:/program files (x86)/atollic/truestudio for stm32 9.1.0/armtools/bin/../lib/gcc/arm-atollic-eabi/6.3.1/armv7e-m/fpu/fpv5-d16\libgcc.a(_dvmd_tls.o)
 .ARM.attributes
                0x000006df       0x20 c:/program files (x86)/atollic/truestudio for stm32 9.1.0/armtools/bin/../lib/gcc/arm-atollic-eabi/6.3.1/armv7e-m/fpu/fpv5-d16/crtn.o
OUTPUT(CBC_H7.elf elf32-littlearm)

.debug_info     0x00000000    0x2e71a
 .debug_info    0x00000000     0x1df1 Drivers\STM32H7xx_HAL_Driver\Src\stm32h7xx_hal.o
 .debug_info    0x00001df1     0x2771 Drivers\STM32H7xx_HAL_Driver\Src\stm32h7xx_hal_adc.o
 .debug_info    0x00004562     0x28cb Drivers\STM32H7xx_HAL_Driver\Src\stm32h7xx_hal_adc_ex.o
 .debug_info    0x00006e2d     0x1aae Drivers\STM32H7xx_HAL_Driver\Src\stm32h7xx_hal_cortex.o
 .debug_info    0x000088db     0x14d0 Drivers\STM32H7xx_HAL_Driver\Src\stm32h7xx_hal_dac.o
 .debug_info    0x00009dab     0x15ee Drivers\STM32H7xx_HAL_Driver\Src\stm32h7xx_hal_dma.o
 .debug_info    0x0000b399     0x1672 Drivers\STM32H7xx_HAL_Driver\Src\stm32h7xx_hal_gpio.o
 .debug_info    0x0000ca0b     0x19e3 Drivers\STM32H7xx_HAL_Driver\Src\stm32h7xx_hal_pwr_ex.o
 .debug_info    0x0000e3ee     0x17c5 Drivers\STM32H7xx_HAL_Driver\Src\stm32h7xx_hal_rcc.o
 .debug_info    0x0000fbb3     0x1b35 Drivers\STM32H7xx_HAL_Driver\Src\stm32h7xx_hal_rcc_ex.o
 .debug_info    0x000116e8     0x1dee Drivers\STM32H7xx_HAL_Driver\Src\stm32h7xx_hal_spi.o
 .debug_info    0x000134d6     0x3326 Drivers\STM32H7xx_HAL_Driver\Src\stm32h7xx_hal_tim.o
 .debug_info    0x000167fc     0x1fd7 Drivers\STM32H7xx_HAL_Driver\Src\stm32h7xx_hal_tim_ex.o
 .debug_info    0x000187d3     0x26ca Drivers\STM32H7xx_HAL_Driver\Src\stm32h7xx_hal_uart.o
 .debug_info    0x0001ae9d     0x1624 Drivers\STM32H7xx_HAL_Driver\Src\stm32h7xx_hal_uart_ex.o
 .debug_info    0x0001c4c1     0x1b0b Src\adc.o
 .debug_info    0x0001dfcc     0x17ac Src\dac.o
 .debug_info    0x0001f778     0x1467 Src\dma.o
 .debug_info    0x00020bdf     0x12bd Src\gpio.o
 .debug_info    0x00021e9c     0x30f9 Src\main.o
 .debug_info    0x00024f95     0x1bb9 Src\spi.o
 .debug_info    0x00026b4e     0x10e2 Src\stm32h7xx_hal_msp.o
 .debug_info    0x00027c30     0x17bb Src\stm32h7xx_it.o
 .debug_info    0x000293eb     0x161c Src\system_stm32h7xx.o
 .debug_info    0x0002aa07     0x1d7a Src\tim.o
 .debug_info    0x0002c781     0x1f1e Src\usart.o
 .debug_info    0x0002e69f       0x7b startup\startup_stm32h743xx.o

.debug_abbrev   0x00000000     0x4256
 .debug_abbrev  0x00000000      0x2d2 Drivers\STM32H7xx_HAL_Driver\Src\stm32h7xx_hal.o
 .debug_abbrev  0x000002d2      0x2d4 Drivers\STM32H7xx_HAL_Driver\Src\stm32h7xx_hal_adc.o
 .debug_abbrev  0x000005a6      0x312 Drivers\STM32H7xx_HAL_Driver\Src\stm32h7xx_hal_adc_ex.o
 .debug_abbrev  0x000008b8      0x3ae Drivers\STM32H7xx_HAL_Driver\Src\stm32h7xx_hal_cortex.o
 .debug_abbrev  0x00000c66      0x252 Drivers\STM32H7xx_HAL_Driver\Src\stm32h7xx_hal_dac.o
 .debug_abbrev  0x00000eb8      0x282 Drivers\STM32H7xx_HAL_Driver\Src\stm32h7xx_hal_dma.o
 .debug_abbrev  0x0000113a      0x288 Drivers\STM32H7xx_HAL_Driver\Src\stm32h7xx_hal_gpio.o
 .debug_abbrev  0x000013c2      0x30a Drivers\STM32H7xx_HAL_Driver\Src\stm32h7xx_hal_pwr_ex.o
 .debug_abbrev  0x000016cc      0x2db Drivers\STM32H7xx_HAL_Driver\Src\stm32h7xx_hal_rcc.o
 .debug_abbrev  0x000019a7      0x2d4 Drivers\STM32H7xx_HAL_Driver\Src\stm32h7xx_hal_rcc_ex.o
 .debug_abbrev  0x00001c7b      0x2ce Drivers\STM32H7xx_HAL_Driver\Src\stm32h7xx_hal_spi.o
 .debug_abbrev  0x00001f49      0x2b4 Drivers\STM32H7xx_HAL_Driver\Src\stm32h7xx_hal_tim.o
 .debug_abbrev  0x000021fd      0x2ba Drivers\STM32H7xx_HAL_Driver\Src\stm32h7xx_hal_tim_ex.o
 .debug_abbrev  0x000024b7      0x2c4 Drivers\STM32H7xx_HAL_Driver\Src\stm32h7xx_hal_uart.o
 .debug_abbrev  0x0000277b      0x268 Drivers\STM32H7xx_HAL_Driver\Src\stm32h7xx_hal_uart_ex.o
 .debug_abbrev  0x000029e3      0x23d Src\adc.o
 .debug_abbrev  0x00002c20      0x23d Src\dac.o
 .debug_abbrev  0x00002e5d      0x1ef Src\dma.o
 .debug_abbrev  0x0000304c      0x207 Src\gpio.o
 .debug_abbrev  0x00003253      0x319 Src\main.o
 .debug_abbrev  0x0000356c      0x23d Src\spi.o
 .debug_abbrev  0x000037a9      0x1ef Src\stm32h7xx_hal_msp.o
 .debug_abbrev  0x00003998      0x207 Src\stm32h7xx_it.o
 .debug_abbrev  0x00003b9f      0x227 Src\system_stm32h7xx.o
 .debug_abbrev  0x00003dc6      0x241 Src\tim.o
 .debug_abbrev  0x00004007      0x23d Src\usart.o
 .debug_abbrev  0x00004244       0x12 startup\startup_stm32h743xx.o

.debug_aranges  0x00000000     0x17e8
 .debug_aranges
                0x00000000      0x198 Drivers\STM32H7xx_HAL_Driver\Src\stm32h7xx_hal.o
 .debug_aranges
                0x00000198      0x228 Drivers\STM32H7xx_HAL_Driver\Src\stm32h7xx_hal_adc.o
 .debug_aranges
                0x000003c0      0x1d8 Drivers\STM32H7xx_HAL_Driver\Src\stm32h7xx_hal_adc_ex.o
 .debug_aranges
                0x00000598      0x120 Drivers\STM32H7xx_HAL_Driver\Src\stm32h7xx_hal_cortex.o
 .debug_aranges
                0x000006b8       0xc0 Drivers\STM32H7xx_HAL_Driver\Src\stm32h7xx_hal_dac.o
 .debug_aranges
                0x00000778       0xa0 Drivers\STM32H7xx_HAL_Driver\Src\stm32h7xx_hal_dma.o
 .debug_aranges
                0x00000818       0x58 Drivers\STM32H7xx_HAL_Driver\Src\stm32h7xx_hal_gpio.o
 .debug_aranges
                0x00000870      0x158 Drivers\STM32H7xx_HAL_Driver\Src\stm32h7xx_hal_pwr_ex.o
 .debug_aranges
                0x000009c8       0x88 Drivers\STM32H7xx_HAL_Driver\Src\stm32h7xx_hal_rcc.o
 .debug_aranges
                0x00000a50       0xf8 Drivers\STM32H7xx_HAL_Driver\Src\stm32h7xx_hal_rcc_ex.o
 .debug_aranges
                0x00000b48      0x1a0 Drivers\STM32H7xx_HAL_Driver\Src\stm32h7xx_hal_spi.o
 .debug_aranges
                0x00000ce8      0x3e0 Drivers\STM32H7xx_HAL_Driver\Src\stm32h7xx_hal_tim.o
 .debug_aranges
                0x000010c8      0x188 Drivers\STM32H7xx_HAL_Driver\Src\stm32h7xx_hal_tim_ex.o
 .debug_aranges
                0x00001250      0x248 Drivers\STM32H7xx_HAL_Driver\Src\stm32h7xx_hal_uart.o
 .debug_aranges
                0x00001498       0xa0 Drivers\STM32H7xx_HAL_Driver\Src\stm32h7xx_hal_uart_ex.o
 .debug_aranges
                0x00001538       0x38 Src\adc.o
 .debug_aranges
                0x00001570       0x30 Src\dac.o
 .debug_aranges
                0x000015a0       0x20 Src\dma.o
 .debug_aranges
                0x000015c0       0x20 Src\gpio.o
 .debug_aranges
                0x000015e0       0x70 Src\main.o
 .debug_aranges
                0x00001650       0x38 Src\spi.o
 .debug_aranges
                0x00001688       0x20 Src\stm32h7xx_hal_msp.o
 .debug_aranges
                0x000016a8       0x88 Src\stm32h7xx_it.o
 .debug_aranges
                0x00001730       0x28 Src\system_stm32h7xx.o
 .debug_aranges
                0x00001758       0x38 Src\tim.o
 .debug_aranges
                0x00001790       0x30 Src\usart.o
 .debug_aranges
                0x000017c0       0x28 startup\startup_stm32h743xx.o

.debug_ranges   0x00000000     0x1670
 .debug_ranges  0x00000000      0x188 Drivers\STM32H7xx_HAL_Driver\Src\stm32h7xx_hal.o
 .debug_ranges  0x00000188      0x218 Drivers\STM32H7xx_HAL_Driver\Src\stm32h7xx_hal_adc.o
 .debug_ranges  0x000003a0      0x1c8 Drivers\STM32H7xx_HAL_Driver\Src\stm32h7xx_hal_adc_ex.o
 .debug_ranges  0x00000568      0x110 Drivers\STM32H7xx_HAL_Driver\Src\stm32h7xx_hal_cortex.o
 .debug_ranges  0x00000678       0xb0 Drivers\STM32H7xx_HAL_Driver\Src\stm32h7xx_hal_dac.o
 .debug_ranges  0x00000728       0x90 Drivers\STM32H7xx_HAL_Driver\Src\stm32h7xx_hal_dma.o
 .debug_ranges  0x000007b8       0x48 Drivers\STM32H7xx_HAL_Driver\Src\stm32h7xx_hal_gpio.o
 .debug_ranges  0x00000800      0x148 Drivers\STM32H7xx_HAL_Driver\Src\stm32h7xx_hal_pwr_ex.o
 .debug_ranges  0x00000948       0x78 Drivers\STM32H7xx_HAL_Driver\Src\stm32h7xx_hal_rcc.o
 .debug_ranges  0x000009c0       0xe8 Drivers\STM32H7xx_HAL_Driver\Src\stm32h7xx_hal_rcc_ex.o
 .debug_ranges  0x00000aa8      0x190 Drivers\STM32H7xx_HAL_Driver\Src\stm32h7xx_hal_spi.o
 .debug_ranges  0x00000c38      0x3d0 Drivers\STM32H7xx_HAL_Driver\Src\stm32h7xx_hal_tim.o
 .debug_ranges  0x00001008      0x178 Drivers\STM32H7xx_HAL_Driver\Src\stm32h7xx_hal_tim_ex.o
 .debug_ranges  0x00001180      0x268 Drivers\STM32H7xx_HAL_Driver\Src\stm32h7xx_hal_uart.o
 .debug_ranges  0x000013e8       0x90 Drivers\STM32H7xx_HAL_Driver\Src\stm32h7xx_hal_uart_ex.o
 .debug_ranges  0x00001478       0x28 Src\adc.o
 .debug_ranges  0x000014a0       0x20 Src\dac.o
 .debug_ranges  0x000014c0       0x10 Src\dma.o
 .debug_ranges  0x000014d0       0x10 Src\gpio.o
 .debug_ranges  0x000014e0       0x60 Src\main.o
 .debug_ranges  0x00001540       0x28 Src\spi.o
 .debug_ranges  0x00001568       0x10 Src\stm32h7xx_hal_msp.o
 .debug_ranges  0x00001578       0x78 Src\stm32h7xx_it.o
 .debug_ranges  0x000015f0       0x18 Src\system_stm32h7xx.o
 .debug_ranges  0x00001608       0x28 Src\tim.o
 .debug_ranges  0x00001630       0x20 Src\usart.o
 .debug_ranges  0x00001650       0x20 startup\startup_stm32h743xx.o

.debug_line     0x00000000     0xf6ae
 .debug_line    0x00000000      0x6ee Drivers\STM32H7xx_HAL_Driver\Src\stm32h7xx_hal.o
 .debug_line    0x000006ee     0x13d6 Drivers\STM32H7xx_HAL_Driver\Src\stm32h7xx_hal_adc.o
 .debug_line    0x00001ac4     0x11a6 Drivers\STM32H7xx_HAL_Driver\Src\stm32h7xx_hal_adc_ex.o
 .debug_line    0x00002c6a      0x69e Drivers\STM32H7xx_HAL_Driver\Src\stm32h7xx_hal_cortex.o
 .debug_line    0x00003308      0x5c1 Drivers\STM32H7xx_HAL_Driver\Src\stm32h7xx_hal_dac.o
 .debug_line    0x000038c9     0x17c0 Drivers\STM32H7xx_HAL_Driver\Src\stm32h7xx_hal_dma.o
 .debug_line    0x00005089      0x546 Drivers\STM32H7xx_HAL_Driver\Src\stm32h7xx_hal_gpio.o
 .debug_line    0x000055cf      0x751 Drivers\STM32H7xx_HAL_Driver\Src\stm32h7xx_hal_pwr_ex.o
 .debug_line    0x00005d20      0x747 Drivers\STM32H7xx_HAL_Driver\Src\stm32h7xx_hal_rcc.o
 .debug_line    0x00006467      0xa4a Drivers\STM32H7xx_HAL_Driver\Src\stm32h7xx_hal_rcc_ex.o
 .debug_line    0x00006eb1      0xe2c Drivers\STM32H7xx_HAL_Driver\Src\stm32h7xx_hal_spi.o
 .debug_line    0x00007cdd     0x2458 Drivers\STM32H7xx_HAL_Driver\Src\stm32h7xx_hal_tim.o
 .debug_line    0x0000a135     0x106e Drivers\STM32H7xx_HAL_Driver\Src\stm32h7xx_hal_tim_ex.o
 .debug_line    0x0000b1a3     0x1236 Drivers\STM32H7xx_HAL_Driver\Src\stm32h7xx_hal_uart.o
 .debug_line    0x0000c3d9      0x71d Drivers\STM32H7xx_HAL_Driver\Src\stm32h7xx_hal_uart_ex.o
 .debug_line    0x0000caf6      0x437 Src\adc.o
 .debug_line    0x0000cf2d      0x3b3 Src\dac.o
 .debug_line    0x0000d2e0      0x331 Src\dma.o
 .debug_line    0x0000d611      0x380 Src\gpio.o
 .debug_line    0x0000d991      0x5a7 Src\main.o
 .debug_line    0x0000df38      0x422 Src\spi.o
 .debug_line    0x0000e35a      0x33a Src\stm32h7xx_hal_msp.o
 .debug_line    0x0000e694      0x459 Src\stm32h7xx_it.o
 .debug_line    0x0000eaed      0x381 Src\system_stm32h7xx.o
 .debug_line    0x0000ee6e      0x3d7 Src\tim.o
 .debug_line    0x0000f245      0x3e8 Src\usart.o
 .debug_line    0x0000f62d       0x81 startup\startup_stm32h743xx.o

.debug_str      0x00000000     0x85df
 .debug_str     0x00000000     0x198c Drivers\STM32H7xx_HAL_Driver\Src\stm32h7xx_hal.o
                               0x1a9b (size before relaxing)
 .debug_str     0x0000198c      0xe1b Drivers\STM32H7xx_HAL_Driver\Src\stm32h7xx_hal_adc.o
                               0x18e4 (size before relaxing)
 .debug_str     0x000027a7      0x82a Drivers\STM32H7xx_HAL_Driver\Src\stm32h7xx_hal_adc_ex.o
                               0x1a8d (size before relaxing)
 .debug_str     0x00002fd1      0x5a5 Drivers\STM32H7xx_HAL_Driver\Src\stm32h7xx_hal_cortex.o
                               0x172e (size before relaxing)
 .debug_str     0x00003576      0x3fc Drivers\STM32H7xx_HAL_Driver\Src\stm32h7xx_hal_dac.o
                                0xff4 (size before relaxing)
 .debug_str     0x00003972      0x3f8 Drivers\STM32H7xx_HAL_Driver\Src\stm32h7xx_hal_dma.o
                               0x1070 (size before relaxing)
 .debug_str     0x00003d6a      0x187 Drivers\STM32H7xx_HAL_Driver\Src\stm32h7xx_hal_gpio.o
                                0xdca (size before relaxing)
 .debug_str     0x00003ef1      0x566 Drivers\STM32H7xx_HAL_Driver\Src\stm32h7xx_hal_pwr_ex.o
                               0x1121 (size before relaxing)
 .debug_str     0x00004457      0x4be Drivers\STM32H7xx_HAL_Driver\Src\stm32h7xx_hal_rcc.o
                               0x1090 (size before relaxing)
 .debug_str     0x00004915      0x906 Drivers\STM32H7xx_HAL_Driver\Src\stm32h7xx_hal_rcc_ex.o
                               0x1580 (size before relaxing)
 .debug_str     0x0000521b      0x7b6 Drivers\STM32H7xx_HAL_Driver\Src\stm32h7xx_hal_spi.o
                               0x1401 (size before relaxing)
 .debug_str     0x000059d1     0x11b6 Drivers\STM32H7xx_HAL_Driver\Src\stm32h7xx_hal_tim.o
                               0x1e6f (size before relaxing)
 .debug_str     0x00006b87      0x6e7 Drivers\STM32H7xx_HAL_Driver\Src\stm32h7xx_hal_tim_ex.o
                               0x175c (size before relaxing)
 .debug_str     0x0000726e      0x9fc Drivers\STM32H7xx_HAL_Driver\Src\stm32h7xx_hal_uart.o
                               0x19cf (size before relaxing)
 .debug_str     0x00007c6a      0x2d6 Drivers\STM32H7xx_HAL_Driver\Src\stm32h7xx_hal_uart_ex.o
                               0x113c (size before relaxing)
 .debug_str     0x00007f40      0x1a5 Src\adc.o
                               0x1389 (size before relaxing)
 .debug_str     0x000080e5       0x2a Src\dac.o
                               0x11f6 (size before relaxing)
 .debug_str     0x0000810f       0x19 Src\dma.o
                               0x146f (size before relaxing)
 .debug_str     0x00008128       0x1b Src\gpio.o
                                0xcdd (size before relaxing)
 .debug_str     0x00008143      0x268 Src\main.o
                               0x2309 (size before relaxing)
 .debug_str     0x000083ab       0x31 Src\spi.o
                               0x1606 (size before relaxing)
 .debug_str     0x000083dc       0x1b Src\stm32h7xx_hal_msp.o
                                0xc60 (size before relaxing)
 .debug_str     0x000083f7      0x12e Src\stm32h7xx_it.o
                               0x139e (size before relaxing)
 .debug_str     0x00008525       0x3b Src\system_stm32h7xx.o
                                0xdf3 (size before relaxing)
 .debug_str     0x00008560       0x51 Src\tim.o
                               0x1c7d (size before relaxing)
 .debug_str     0x000085b1       0x2e Src\usart.o
                               0x1ddd (size before relaxing)

.comment        0x00000000       0x7c
 .comment       0x00000000       0x7c Drivers\STM32H7xx_HAL_Driver\Src\stm32h7xx_hal.o
                                 0x7d (size before relaxing)
 .comment       0x0000007c       0x7d Drivers\STM32H7xx_HAL_Driver\Src\stm32h7xx_hal_adc.o
 .comment       0x0000007c       0x7d Drivers\STM32H7xx_HAL_Driver\Src\stm32h7xx_hal_adc_ex.o
 .comment       0x0000007c       0x7d Drivers\STM32H7xx_HAL_Driver\Src\stm32h7xx_hal_cortex.o
 .comment       0x0000007c       0x7d Drivers\STM32H7xx_HAL_Driver\Src\stm32h7xx_hal_dac.o
 .comment       0x0000007c       0x7d Drivers\STM32H7xx_HAL_Driver\Src\stm32h7xx_hal_dma.o
 .comment       0x0000007c       0x7d Drivers\STM32H7xx_HAL_Driver\Src\stm32h7xx_hal_gpio.o
 .comment       0x0000007c       0x7d Drivers\STM32H7xx_HAL_Driver\Src\stm32h7xx_hal_pwr_ex.o
 .comment       0x0000007c       0x7d Drivers\STM32H7xx_HAL_Driver\Src\stm32h7xx_hal_rcc.o
 .comment       0x0000007c       0x7d Drivers\STM32H7xx_HAL_Driver\Src\stm32h7xx_hal_rcc_ex.o
 .comment       0x0000007c       0x7d Drivers\STM32H7xx_HAL_Driver\Src\stm32h7xx_hal_spi.o
 .comment       0x0000007c       0x7d Drivers\STM32H7xx_HAL_Driver\Src\stm32h7xx_hal_tim.o
 .comment       0x0000007c       0x7d Drivers\STM32H7xx_HAL_Driver\Src\stm32h7xx_hal_tim_ex.o
 .comment       0x0000007c       0x7d Drivers\STM32H7xx_HAL_Driver\Src\stm32h7xx_hal_uart.o
 .comment       0x0000007c       0x7d Drivers\STM32H7xx_HAL_Driver\Src\stm32h7xx_hal_uart_ex.o
 .comment       0x0000007c       0x7d Src\adc.o
 .comment       0x0000007c       0x7d Src\dac.o
 .comment       0x0000007c       0x7d Src\dma.o
 .comment       0x0000007c       0x7d Src\gpio.o
 .comment       0x0000007c       0x7d Src\main.o
 .comment       0x0000007c       0x7d Src\spi.o
 .comment       0x0000007c       0x7d Src\stm32h7xx_hal_msp.o
 .comment       0x0000007c       0x7d Src\stm32h7xx_it.o
 .comment       0x0000007c       0x7d Src\system_stm32h7xx.o
 .comment       0x0000007c       0x7d Src\tim.o
 .comment       0x0000007c       0x7d Src\usart.o

.debug_frame    0x00000000     0x65bc
 .debug_frame   0x00000000      0x690 Drivers\STM32H7xx_HAL_Driver\Src\stm32h7xx_hal.o
 .debug_frame   0x00000690      0xa28 Drivers\STM32H7xx_HAL_Driver\Src\stm32h7xx_hal_adc.o
 .debug_frame   0x000010b8      0x88c Drivers\STM32H7xx_HAL_Driver\Src\stm32h7xx_hal_adc_ex.o
 .debug_frame   0x00001944      0x4b8 Drivers\STM32H7xx_HAL_Driver\Src\stm32h7xx_hal_cortex.o
 .debug_frame   0x00001dfc      0x338 Drivers\STM32H7xx_HAL_Driver\Src\stm32h7xx_hal_dac.o
 .debug_frame   0x00002134      0x2b4 Drivers\STM32H7xx_HAL_Driver\Src\stm32h7xx_hal_dma.o
 .debug_frame   0x000023e8      0x14c Drivers\STM32H7xx_HAL_Driver\Src\stm32h7xx_hal_gpio.o
 .debug_frame   0x00002534      0x580 Drivers\STM32H7xx_HAL_Driver\Src\stm32h7xx_hal_pwr_ex.o
 .debug_frame   0x00002ab4      0x1f8 Drivers\STM32H7xx_HAL_Driver\Src\stm32h7xx_hal_rcc.o
 .debug_frame   0x00002cac      0x3f4 Drivers\STM32H7xx_HAL_Driver\Src\stm32h7xx_hal_rcc_ex.o
 .debug_frame   0x000030a0      0x778 Drivers\STM32H7xx_HAL_Driver\Src\stm32h7xx_hal_spi.o
 .debug_frame   0x00003818     0x1218 Drivers\STM32H7xx_HAL_Driver\Src\stm32h7xx_hal_tim.o
 .debug_frame   0x00004a30      0x6d8 Drivers\STM32H7xx_HAL_Driver\Src\stm32h7xx_hal_tim_ex.o
 .debug_frame   0x00005108      0xa7c Drivers\STM32H7xx_HAL_Driver\Src\stm32h7xx_hal_uart.o
 .debug_frame   0x00005b84      0x29c Drivers\STM32H7xx_HAL_Driver\Src\stm32h7xx_hal_uart_ex.o
 .debug_frame   0x00005e20       0xa0 Src\adc.o
 .debug_frame   0x00005ec0       0x7c Src\dac.o
 .debug_frame   0x00005f3c       0x34 Src\dma.o
 .debug_frame   0x00005f70       0x38 Src\gpio.o
 .debug_frame   0x00005fa8      0x19c Src\main.o
 .debug_frame   0x00006144       0x94 Src\spi.o
 .debug_frame   0x000061d8       0x38 Src\stm32h7xx_hal_msp.o
 .debug_frame   0x00006210      0x190 Src\stm32h7xx_it.o
 .debug_frame   0x000063a0       0x58 Src\system_stm32h7xx.o
 .debug_frame   0x000063f8       0xa0 Src\tim.o
 .debug_frame   0x00006498       0x78 Src\usart.o
 .debug_frame   0x00006510       0x2c c:/program files (x86)/atollic/truestudio for stm32 9.1.0/armtools/bin/../lib/gcc/arm-atollic-eabi/6.3.1/../../../../arm-atollic-eabi/lib/armv7e-m/fpu/fpv5-d16\libc_nano.a(lib_a-init.o)
 .debug_frame   0x0000653c       0x20 c:/program files (x86)/atollic/truestudio for stm32 9.1.0/armtools/bin/../lib/gcc/arm-atollic-eabi/6.3.1/../../../../arm-atollic-eabi/lib/armv7e-m/fpu/fpv5-d16\libc_nano.a(lib_a-memset.o)
 .debug_frame   0x0000655c       0x2c c:/program files (x86)/atollic/truestudio for stm32 9.1.0/armtools/bin/../lib/gcc/arm-atollic-eabi/6.3.1/armv7e-m/fpu/fpv5-d16\libgcc.a(_aeabi_uldivmod.o)
 .debug_frame   0x00006588       0x34 c:/program files (x86)/atollic/truestudio for stm32 9.1.0/armtools/bin/../lib/gcc/arm-atollic-eabi/6.3.1/armv7e-m/fpu/fpv5-d16\libgcc.a(_udivmoddi4.o)
