Archive member included to satisfy reference by file (symbol)

c:/program files (x86)/atollic/truestudio for stm32 9.1.0/armtools/bin/../lib/gcc/arm-atollic-eabi/6.3.1/../../../../arm-atollic-eabi/lib/armv7e-m/fpu/fpv5-d16\libc_nano.a(lib_a-errno.o)
                              Src\syscalls.o (__errno)
c:/program files (x86)/atollic/truestudio for stm32 9.1.0/armtools/bin/../lib/gcc/arm-atollic-eabi/6.3.1/../../../../arm-atollic-eabi/lib/armv7e-m/fpu/fpv5-d16\libc_nano.a(lib_a-impure.o)
                              c:/program files (x86)/atollic/truestudio for stm32 9.1.0/armtools/bin/../lib/gcc/arm-atollic-eabi/6.3.1/../../../../arm-atollic-eabi/lib/armv7e-m/fpu/fpv5-d16\libc_nano.a(lib_a-errno.o) (_impure_ptr)
c:/program files (x86)/atollic/truestudio for stm32 9.1.0/armtools/bin/../lib/gcc/arm-atollic-eabi/6.3.1/../../../../arm-atollic-eabi/lib/armv7e-m/fpu/fpv5-d16\libc_nano.a(lib_a-init.o)
                              startup\startup_stm32h743xx.o (__libc_init_array)
c:/program files (x86)/atollic/truestudio for stm32 9.1.0/armtools/bin/../lib/gcc/arm-atollic-eabi/6.3.1/../../../../arm-atollic-eabi/lib/armv7e-m/fpu/fpv5-d16\libc_nano.a(lib_a-memset.o)
                              Src\dac.o (memset)
c:/program files (x86)/atollic/truestudio for stm32 9.1.0/armtools/bin/../lib/gcc/arm-atollic-eabi/6.3.1/armv7e-m/fpu/fpv5-d16\libgcc.a(_aeabi_uldivmod.o)
                              Drivers\STM32H7xx_HAL_Driver\Src\stm32h7xx_hal_uart.o (__aeabi_uldivmod)
c:/program files (x86)/atollic/truestudio for stm32 9.1.0/armtools/bin/../lib/gcc/arm-atollic-eabi/6.3.1/armv7e-m/fpu/fpv5-d16\libgcc.a(_udivmoddi4.o)
                              c:/program files (x86)/atollic/truestudio for stm32 9.1.0/armtools/bin/../lib/gcc/arm-atollic-eabi/6.3.1/armv7e-m/fpu/fpv5-d16\libgcc.a(_aeabi_uldivmod.o) (__udivmoddi4)
c:/program files (x86)/atollic/truestudio for stm32 9.1.0/armtools/bin/../lib/gcc/arm-atollic-eabi/6.3.1/armv7e-m/fpu/fpv5-d16\libgcc.a(_dvmd_tls.o)
                              c:/program files (x86)/atollic/truestudio for stm32 9.1.0/armtools/bin/../lib/gcc/arm-atollic-eabi/6.3.1/armv7e-m/fpu/fpv5-d16\libgcc.a(_aeabi_uldivmod.o) (__aeabi_ldiv0)

Allocating common symbols
Common symbol       size              file

Switch2_ModulationEnable
                    0x1               Src\adc.o
yout                0x8               Src\main.o
li                  0x2               Src\main.o
hdma_usart3_rx      0x78              Src\usart.o
hdac1               0x14              Src\dac.o
huart3              0x90              Src\usart.o
InstancePID2        0xc0              Src\adc.o
charI               0x20              Src\main.o
DACoutput1          0x2               Src\main.o
ADCBuf              0x8               Src\main.o
pData               0x2               Src\main.o
uwTick              0x4               Drivers\STM32H7xx_HAL_Driver\Src\stm32h7xx_hal.o
hdma_usart3_tx      0x78              Src\usart.o
tty4                0x4               Src\adc.o
pFlash              0x1c              Drivers\STM32H7xx_HAL_Driver\Src\stm32h7xx_hal_flash.o
Switch2_DACOffset   0x8               Src\adc.o
hadc1               0x64              Src\adc.o
hadc3               0x64              Src\adc.o
InstancePID1        0xc0              Src\adc.o
paramFreq           0x8               Src\main.o
DACoutput2          0x2               Src\main.o
tty2                0x4               Src\adc.o
acValBuffer         0x4               Src\main.o
hspi4               0x88              Src\spi.o
hdma_adc1           0x78              Src\adc.o
Tim2ARR             0x4               Src\main.o
tty3                0x4               Src\adc.o
Switch1_offsetEnable
                    0x1               Src\adc.o
Switch1_PID1Enable  0x1               Src\adc.o
Switch2_PID1Enable  0x1               Src\adc.o
hexString           0x2               Src\main.o
hspi1               0x88              Src\spi.o
htim2               0x4c              Src\tim.o
Switch1_PID2Enable  0x1               Src\adc.o
Switch2_PID2Enable  0x1               Src\adc.o
Switch2_offsetEnable
                    0x1               Src\adc.o
pdata               0x2               Src\main.o
tty1                0x4               Src\adc.o
Switch1_ModulationEnable
                    0x1               Src\adc.o
Switch1_DACOffset   0x8               Src\adc.o

Discarded input sections

 .text          0x00000000        0x0 c:/program files (x86)/atollic/truestudio for stm32 9.1.0/armtools/bin/../lib/gcc/arm-atollic-eabi/6.3.1/armv7e-m/fpu/fpv5-d16/crti.o
 .data          0x00000000        0x0 c:/program files (x86)/atollic/truestudio for stm32 9.1.0/armtools/bin/../lib/gcc/arm-atollic-eabi/6.3.1/armv7e-m/fpu/fpv5-d16/crti.o
 .bss           0x00000000        0x0 c:/program files (x86)/atollic/truestudio for stm32 9.1.0/armtools/bin/../lib/gcc/arm-atollic-eabi/6.3.1/armv7e-m/fpu/fpv5-d16/crti.o
[...]
Memory Configuration

Name             Origin             Length             Attributes
DTCMRAM          0x20000000         0x00020000         xrw
RAM_D1           0x24000000         0x00080000         xrw
RAM_D2           0x30000000         0x00048000         xrw
RAM_D3           0x38000000         0x00010000         xrw
ITCMRAM          0x00000000         0x00010000         xrw
FLASH            0x08000000         0x00200000         xr
*default*        0x00000000         0xffffffff

Linker script and memory map

LOAD c:/program files (x86)/atollic/truestudio for stm32 9.1.0/armtools/bin/../lib/gcc/arm-atollic-eabi/6.3.1/armv7e-m/fpu/fpv5-d16/crti.o
LOAD c:/program files (x86)/atollic/truestudio for stm32 9.1.0/armtools/bin/../lib/gcc/arm-atollic-eabi/6.3.1/armv7e-m/fpu/fpv5-d16/crtbegin.o
LOAD Drivers\STM32H7xx_HAL_Driver\Src\stm32h7xx_hal.o
LOAD Drivers\STM32H7xx_HAL_Driver\Src\stm32h7xx_hal_adc.o
LOAD Drivers\STM32H7xx_HAL_Driver\Src\stm32h7xx_hal_adc_ex.o
LOAD Drivers\STM32H7xx_HAL_Driver\Src\stm32h7xx_hal_cortex.o
LOAD Drivers\STM32H7xx_HAL_Driver\Src\stm32h7xx_hal_dac.o
LOAD Drivers\STM32H7xx_HAL_Driver\Src\stm32h7xx_hal_dac_ex.o
LOAD Drivers\STM32H7xx_HAL_Driver\Src\stm32h7xx_hal_dma.o
LOAD Drivers\STM32H7xx_HAL_Driver\Src\stm32h7xx_hal_dma_ex.o
LOAD Drivers\STM32H7xx_HAL_Driver\Src\stm32h7xx_hal_exti.o
LOAD Drivers\STM32H7xx_HAL_Driver\Src\stm32h7xx_hal_flash.o
LOAD Drivers\STM32H7xx_HAL_Driver\Src\stm32h7xx_hal_flash_ex.o
LOAD Drivers\STM32H7xx_HAL_Driver\Src\stm32h7xx_hal_gpio.o
LOAD Drivers\STM32H7xx_HAL_Driver\Src\stm32h7xx_hal_hsem.o
LOAD Drivers\STM32H7xx_HAL_Driver\Src\stm32h7xx_hal_i2c.o
LOAD Drivers\STM32H7xx_HAL_Driver\Src\stm32h7xx_hal_i2c_ex.o
LOAD Drivers\STM32H7xx_HAL_Driver\Src\stm32h7xx_hal_mdma.o
LOAD Drivers\STM32H7xx_HAL_Driver\Src\stm32h7xx_hal_pwr.o
LOAD Drivers\STM32H7xx_HAL_Driver\Src\stm32h7xx_hal_pwr_ex.o
LOAD Drivers\STM32H7xx_HAL_Driver\Src\stm32h7xx_hal_rcc.o
LOAD Drivers\STM32H7xx_HAL_Driver\Src\stm32h7xx_hal_rcc_ex.o
LOAD Drivers\STM32H7xx_HAL_Driver\Src\stm32h7xx_hal_spi.o
LOAD Drivers\STM32H7xx_HAL_Driver\Src\stm32h7xx_hal_spi_ex.o
LOAD Drivers\STM32H7xx_HAL_Driver\Src\stm32h7xx_hal_tim.o
LOAD Drivers\STM32H7xx_HAL_Driver\Src\stm32h7xx_hal_tim_ex.o
LOAD Drivers\STM32H7xx_HAL_Driver\Src\stm32h7xx_hal_uart.o
LOAD Drivers\STM32H7xx_HAL_Driver\Src\stm32h7xx_hal_uart_ex.o
LOAD Src\adc.o
LOAD Src\dac.o
LOAD Src\dma.o
LOAD Src\gpio.o
LOAD Src\main.o
LOAD Src\spi.o
LOAD Src\stm32h7xx_hal_msp.o
LOAD Src\stm32h7xx_it.o
LOAD Src\syscalls.o
LOAD Src\system_stm32h7xx.o
LOAD Src\tim.o
LOAD Src\usart.o
LOAD startup\startup_stm32h743xx.o
                0x00000080                malloc_getpagesize_P = 0x80
START GROUP
LOAD c:/program files (x86)/atollic/truestudio for stm32 9.1.0/armtools/bin/../lib/gcc/arm-atollic-eabi/6.3.1/../../../../arm-atollic-eabi/lib/armv7e-m/fpu/fpv5-d16\libc_nano.a
LOAD c:/program files (x86)/atollic/truestudio for stm32 9.1.0/armtools/bin/../lib/gcc/arm-atollic-eabi/6.3.1/../../../../arm-atollic-eabi/lib/armv7e-m/fpu/fpv5-d16\libm.a
END GROUP
START GROUP
LOAD c:/program files (x86)/atollic/truestudio for stm32 9.1.0/armtools/bin/../lib/gcc/arm-atollic-eabi/6.3.1/armv7e-m/fpu/fpv5-d16\libgcc.a
LOAD c:/program files (x86)/atollic/truestudio for stm32 9.1.0/armtools/bin/../lib/gcc/arm-atollic-eabi/6.3.1/../../../../arm-atollic-eabi/lib/armv7e-m/fpu/fpv5-d16\libc_nano.a
END GROUP
START GROUP
LOAD c:/program files (x86)/atollic/truestudio for stm32 9.1.0/armtools/bin/../lib/gcc/arm-atollic-eabi/6.3.1/armv7e-m/fpu/fpv5-d16\libgcc.a
LOAD c:/program files (x86)/atollic/truestudio for stm32 9.1.0/armtools/bin/../lib/gcc/arm-atollic-eabi/6.3.1/../../../../arm-atollic-eabi/lib/armv7e-m/fpu/fpv5-d16\libc_nano.a
LOAD c:/program files (x86)/atollic/truestudio for stm32 9.1.0/armtools/bin/../lib/gcc/arm-atollic-eabi/6.3.1/../../../../arm-atollic-eabi/lib/armv7e-m/fpu/fpv5-d16\libnosys.a
END GROUP
START GROUP
LOAD c:/program files (x86)/atollic/truestudio for stm32 9.1.0/armtools/bin/../lib/gcc/arm-atollic-eabi/6.3.1/armv7e-m/fpu/fpv5-d16\libgcc.a
LOAD c:/program files (x86)/atollic/truestudio for stm32 9.1.0/armtools/bin/../lib/gcc/arm-atollic-eabi/6.3.1/../../../../arm-atollic-eabi/lib/armv7e-m/fpu/fpv5-d16\libc_nano.a
LOAD c:/program files (x86)/atollic/truestudio for stm32 9.1.0/armtools/bin/../lib/gcc/arm-atollic-eabi/6.3.1/../../../../arm-atollic-eabi/lib/armv7e-m/fpu/fpv5-d16\libnosys.a
END GROUP
LOAD c:/program files (x86)/atollic/truestudio for stm32 9.1.0/armtools/bin/../lib/gcc/arm-atollic-eabi/6.3.1/armv7e-m/fpu/fpv5-d16/crtend.o
LOAD c:/program files (x86)/atollic/truestudio for stm32 9.1.0/armtools/bin/../lib/gcc/arm-atollic-eabi/6.3.1/armv7e-m/fpu/fpv5-d16/crtn.o
                0x20020000                _estack = 0x20020000
                0x00003000                _Min_Heap_Size = 0x3000
                0x00000400                _Min_Stack_Size = 0x400

.isr_vector     0x08000000      0x298
                0x08000000                . = ALIGN (0x4)
 *(.isr_vector)
 .isr_vector    0x08000000      0x298 startup\startup_stm32h743xx.o
                0x08000000                g_pfnVectors
                0x08000298                . = ALIGN (0x4)

.text           0x08000298     0xc458
                0x08000298                . = ALIGN (0x4)
 *(.text)
 .text          0x08000298       0x40 c:/program files (x86)/atollic/truestudio for stm32 9.1.0/armtools/bin/../lib/gcc/arm-atollic-eabi/6.3.1/armv7e-m/fpu/fpv5-d16/crtbegin.o
 .text          0x080002d8       0x30 c:/program files (x86)/atollic/truestudio for stm32 9.1.0/armtools/bin/../lib/gcc/arm-atollic-eabi/6.3.1/armv7e-m/fpu/fpv5-d16\libgcc.a(_aeabi_uldivmod.o)
                0x080002d8                __aeabi_uldivmod
 .text          0x08000308      0x2dc c:/program files (x86)/atollic/truestudio for stm32 9.1.0/armtools/bin/../lib/gcc/arm-atollic-eabi/6.3.1/armv7e-m/fpu/fpv5-d16\libgcc.a(_udivmoddi4.o)
                0x08000308                __udivmoddi4
 .text          0x080005e4        0x4 c:/program files (x86)/atollic/truestudio for stm32 9.1.0/armtools/bin/../lib/gcc/arm-atollic-eabi/6.3.1/armv7e-m/fpu/fpv5-d16\libgcc.a(_dvmd_tls.o)
                0x080005e4                __aeabi_idiv0
                0x080005e4                __aeabi_ldiv0
 *(.text*)
 .text.HAL_Init
                0x080005e8       0x78 Drivers\STM32H7xx_HAL_Driver\Src\stm32h7xx_hal.o
                0x080005e8                HAL_Init
 .text.HAL_InitTick
                0x08000660       0x6c Drivers\STM32H7xx_HAL_Driver\Src\stm32h7xx_hal.o
                0x08000660                HAL_InitTick
 .text.HAL_IncTick
                0x080006cc       0x28 Drivers\STM32H7xx_HAL_Driver\Src\stm32h7xx_hal.o
                0x080006cc                HAL_IncTick
 .text.HAL_GetTick
                0x080006f4       0x18 Drivers\STM32H7xx_HAL_Driver\Src\stm32h7xx_hal.o
                0x080006f4                HAL_GetTick
 .text.HAL_Delay
                0x0800070c       0x44 Drivers\STM32H7xx_HAL_Driver\Src\stm32h7xx_hal.o
                0x0800070c                HAL_Delay
 .text.HAL_GetREVID
                0x08000750       0x18 Drivers\STM32H7xx_HAL_Driver\Src\stm32h7xx_hal.o
                0x08000750                HAL_GetREVID
 .text.HAL_SYSCFG_AnalogSwitchConfig
                0x08000768       0x2c Drivers\STM32H7xx_HAL_Driver\Src\stm32h7xx_hal.o
                0x08000768                HAL_SYSCFG_AnalogSwitchConfig
 .text.LL_ADC_SetCommonClock
                0x08000794       0x26 Drivers\STM32H7xx_HAL_Driver\Src\stm32h7xx_hal_adc.o
 .text.LL_ADC_SetCommonPathInternalCh
                0x080007ba       0x26 Drivers\STM32H7xx_HAL_Driver\Src\stm32h7xx_hal_adc.o
 .text.LL_ADC_GetCommonPathInternalCh
                0x080007e0       0x1c Drivers\STM32H7xx_HAL_Driver\Src\stm32h7xx_hal_adc.o
 .text.LL_ADC_SetOffset
                0x080007fc       0x40 Drivers\STM32H7xx_HAL_Driver\Src\stm32h7xx_hal_adc.o
 .text.LL_ADC_SetDataRightShift
                0x0800083c       0x32 Drivers\STM32H7xx_HAL_Driver\Src\stm32h7xx_hal_adc.o
 .text.LL_ADC_SetOffsetSignedSaturation
                0x0800086e       0x36 Drivers\STM32H7xx_HAL_Driver\Src\stm32h7xx_hal_adc.o
 .text.LL_ADC_REG_IsTriggerSourceSWStart
                0x080008a4       0x26 Drivers\STM32H7xx_HAL_Driver\Src\stm32h7xx_hal_adc.o
 .text.LL_ADC_REG_SetSequencerRanks
                0x080008ca       0x58 Drivers\STM32H7xx_HAL_Driver\Src\stm32h7xx_hal_adc.o
 .text.LL_ADC_REG_SetDataTransferMode
                0x08000922       0x26 Drivers\STM32H7xx_HAL_Driver\Src\stm32h7xx_hal_adc.o
 .text.LL_ADC_SetChannelSamplingTime
                0x08000948       0x56 Drivers\STM32H7xx_HAL_Driver\Src\stm32h7xx_hal_adc.o
 *fill*         0x0800099e        0x2 
 .text.LL_ADC_SetChannelSingleDiff
                0x080009a0       0x48 Drivers\STM32H7xx_HAL_Driver\Src\stm32h7xx_hal_adc.o
 .text.LL_ADC_GetMultimode
                0x080009e8       0x1c Drivers\STM32H7xx_HAL_Driver\Src\stm32h7xx_hal_adc.o
 .text.LL_ADC_DisableDeepPowerDown
                0x08000a04       0x24 Drivers\STM32H7xx_HAL_Driver\Src\stm32h7xx_hal_adc.o
 .text.LL_ADC_IsDeepPowerDownEnabled
                0x08000a28       0x28 Drivers\STM32H7xx_HAL_Driver\Src\stm32h7xx_hal_adc.o
 .text.LL_ADC_EnableInternalRegulator
                0x08000a50       0x28 Drivers\STM32H7xx_HAL_Driver\Src\stm32h7xx_hal_adc.o
 .text.LL_ADC_IsInternalRegulatorEnabled
                0x08000a78       0x28 Drivers\STM32H7xx_HAL_Driver\Src\stm32h7xx_hal_adc.o
 .text.LL_ADC_Enable
                0x08000aa0       0x28 Drivers\STM32H7xx_HAL_Driver\Src\stm32h7xx_hal_adc.o
 .text.LL_ADC_IsEnabled
                0x08000ac8       0x26 Drivers\STM32H7xx_HAL_Driver\Src\stm32h7xx_hal_adc.o
 *fill*         0x08000aee        0x2 
 .text.LL_ADC_REG_StartConversion
                0x08000af0       0x28 Drivers\STM32H7xx_HAL_Driver\Src\stm32h7xx_hal_adc.o
 .text.LL_ADC_REG_IsConversionOngoing
                0x08000b18       0x26 Drivers\STM32H7xx_HAL_Driver\Src\stm32h7xx_hal_adc.o
 .text.LL_ADC_INJ_IsConversionOngoing
                0x08000b3e       0x26 Drivers\STM32H7xx_HAL_Driver\Src\stm32h7xx_hal_adc.o
 .text.HAL_ADC_Init
                0x08000b64      0x340 Drivers\STM32H7xx_HAL_Driver\Src\stm32h7xx_hal_adc.o
                0x08000b64                HAL_ADC_Init
 .text.HAL_ADC_Start_DMA
                0x08000ea4      0x188 Drivers\STM32H7xx_HAL_Driver\Src\stm32h7xx_hal_adc.o
                0x08000ea4                HAL_ADC_Start_DMA
 .text.HAL_ADC_ConvCpltCallback
                0x0800102c       0x14 Drivers\STM32H7xx_HAL_Driver\Src\stm32h7xx_hal_adc.o
                0x0800102c                HAL_ADC_ConvCpltCallback
 .text.HAL_ADC_ConvHalfCpltCallback
                0x08001040       0x14 Drivers\STM32H7xx_HAL_Driver\Src\stm32h7xx_hal_adc.o
                0x08001040                HAL_ADC_ConvHalfCpltCallback
 .text.HAL_ADC_ErrorCallback
                0x08001054       0x14 Drivers\STM32H7xx_HAL_Driver\Src\stm32h7xx_hal_adc.o
                0x08001054                HAL_ADC_ErrorCallback
 .text.HAL_ADC_ConfigChannel
                0x08001068      0x6a0 Drivers\STM32H7xx_HAL_Driver\Src\stm32h7xx_hal_adc.o
                0x08001068                HAL_ADC_ConfigChannel
 .text.ADC_Enable
                0x08001708      0x114 Drivers\STM32H7xx_HAL_Driver\Src\stm32h7xx_hal_adc.o
                0x08001708                ADC_Enable
 .text.ADC_DMAConvCplt
                0x0800181c       0xd8 Drivers\STM32H7xx_HAL_Driver\Src\stm32h7xx_hal_adc.o
                0x0800181c                ADC_DMAConvCplt
 .text.ADC_DMAHalfConvCplt
                0x080018f4       0x1c Drivers\STM32H7xx_HAL_Driver\Src\stm32h7xx_hal_adc.o
                0x080018f4                ADC_DMAHalfConvCplt
 .text.ADC_DMAError
                0x08001910       0x34 Drivers\STM32H7xx_HAL_Driver\Src\stm32h7xx_hal_adc.o
                0x08001910                ADC_DMAError
 .text.ADC_ConfigureBoostMode
                0x08001944      0x1f0 Drivers\STM32H7xx_HAL_Driver\Src\stm32h7xx_hal_adc.o
                0x08001944                ADC_ConfigureBoostMode
 .text.LL_ADC_IsEnabled
                0x08001b34       0x26 Drivers\STM32H7xx_HAL_Driver\Src\stm32h7xx_hal_adc_ex.o
 .text.LL_ADC_REG_IsConversionOngoing
                0x08001b5a       0x26 Drivers\STM32H7xx_HAL_Driver\Src\stm32h7xx_hal_adc_ex.o
 .text.HAL_ADCEx_MultiModeConfigChannel
                0x08001b80      0x1bc Drivers\STM32H7xx_HAL_Driver\Src\stm32h7xx_hal_adc_ex.o
                0x08001b80                HAL_ADCEx_MultiModeConfigChannel
 .text.__NVIC_SetPriorityGrouping
                0x08001d3c       0x48 Drivers\STM32H7xx_HAL_Driver\Src\stm32h7xx_hal_cortex.o
 .text.__NVIC_GetPriorityGrouping
                0x08001d84       0x1c Drivers\STM32H7xx_HAL_Driver\Src\stm32h7xx_hal_cortex.o
 .text.__NVIC_EnableIRQ
                0x08001da0       0x3c Drivers\STM32H7xx_HAL_Driver\Src\stm32h7xx_hal_cortex.o
 .text.__NVIC_SetPriority
                0x08001ddc       0x54 Drivers\STM32H7xx_HAL_Driver\Src\stm32h7xx_hal_cortex.o
 .text.NVIC_EncodePriority
                0x08001e30       0x62 Drivers\STM32H7xx_HAL_Driver\Src\stm32h7xx_hal_cortex.o
 *fill*         0x08001e92        0x2 
 .text.SysTick_Config
                0x08001e94       0x44 Drivers\STM32H7xx_HAL_Driver\Src\stm32h7xx_hal_cortex.o
 .text.HAL_NVIC_SetPriorityGrouping
                0x08001ed8       0x16 Drivers\STM32H7xx_HAL_Driver\Src\stm32h7xx_hal_cortex.o
                0x08001ed8                HAL_NVIC_SetPriorityGrouping
 .text.HAL_NVIC_SetPriority
                0x08001eee       0x34 Drivers\STM32H7xx_HAL_Driver\Src\stm32h7xx_hal_cortex.o
                0x08001eee                HAL_NVIC_SetPriority
 .text.HAL_NVIC_EnableIRQ
                0x08001f22       0x1c Drivers\STM32H7xx_HAL_Driver\Src\stm32h7xx_hal_cortex.o
                0x08001f22                HAL_NVIC_EnableIRQ
 .text.HAL_SYSTICK_Config
                0x08001f3e       0x18 Drivers\STM32H7xx_HAL_Driver\Src\stm32h7xx_hal_cortex.o
                0x08001f3e                HAL_SYSTICK_Config
 .text.HAL_DAC_Init
                0x08001f56       0x44 Drivers\STM32H7xx_HAL_Driver\Src\stm32h7xx_hal_dac.o
                0x08001f56                HAL_DAC_Init
 *fill*         0x08001f9a        0x2 
 .text.HAL_DAC_ConfigChannel
                0x08001f9c      0x260 Drivers\STM32H7xx_HAL_Driver\Src\stm32h7xx_hal_dac.o
                0x08001f9c                HAL_DAC_ConfigChannel
 .text.HAL_DMA_Init
                0x080021fc      0x6b8 Drivers\STM32H7xx_HAL_Driver\Src\stm32h7xx_hal_dma.o
                0x080021fc                HAL_DMA_Init
 .text.HAL_DMA_Start_IT
                0x080028b4      0x4d4 Drivers\STM32H7xx_HAL_Driver\Src\stm32h7xx_hal_dma.o
                0x080028b4                HAL_DMA_Start_IT
 .text.HAL_DMA_Abort
                0x08002d88      0x63c Drivers\STM32H7xx_HAL_Driver\Src\stm32h7xx_hal_dma.o
                0x08002d88                HAL_DMA_Abort
 .text.HAL_DMA_Abort_IT
                0x080033c4      0x488 Drivers\STM32H7xx_HAL_Driver\Src\stm32h7xx_hal_dma.o
                0x080033c4                HAL_DMA_Abort_IT
 .text.HAL_DMA_IRQHandler
                0x0800384c      0xe54 Drivers\STM32H7xx_HAL_Driver\Src\stm32h7xx_hal_dma.o
                0x0800384c                HAL_DMA_IRQHandler
 .text.DMA_SetConfig
                0x080046a0      0x358 Drivers\STM32H7xx_HAL_Driver\Src\stm32h7xx_hal_dma.o
 .text.DMA_CalcBaseAndBitshift
                0x080049f8      0x164 Drivers\STM32H7xx_HAL_Driver\Src\stm32h7xx_hal_dma.o
 .text.DMA_CheckFifoParam
                0x08004b5c       0xf8 Drivers\STM32H7xx_HAL_Driver\Src\stm32h7xx_hal_dma.o
 .text.DMA_CalcDMAMUXChannelBaseAndMask
                0x08004c54      0x134 Drivers\STM32H7xx_HAL_Driver\Src\stm32h7xx_hal_dma.o
 .text.DMA_CalcDMAMUXRequestGenBaseAndMask
                0x08004d88       0xe8 Drivers\STM32H7xx_HAL_Driver\Src\stm32h7xx_hal_dma.o
 .text.HAL_GPIO_Init
                0x08004e70      0x360 Drivers\STM32H7xx_HAL_Driver\Src\stm32h7xx_hal_gpio.o
                0x08004e70                HAL_GPIO_Init
 .text.HAL_GPIO_WritePin
                0x080051d0       0x32 Drivers\STM32H7xx_HAL_Driver\Src\stm32h7xx_hal_gpio.o
                0x080051d0                HAL_GPIO_WritePin
 .text.HAL_GPIO_TogglePin
                0x08005202       0x34 Drivers\STM32H7xx_HAL_Driver\Src\stm32h7xx_hal_gpio.o
                0x08005202                HAL_GPIO_TogglePin
 *fill*         0x08005236        0x2 
 .text.HAL_PWREx_ConfigSupply
                0x08005238       0x74 Drivers\STM32H7xx_HAL_Driver\Src\stm32h7xx_hal_pwr_ex.o
                0x08005238                HAL_PWREx_ConfigSupply
 .text.HAL_RCC_OscConfig
                0x080052ac      0x820 Drivers\STM32H7xx_HAL_Driver\Src\stm32h7xx_hal_rcc.o
                0x080052ac                HAL_RCC_OscConfig
 .text.HAL_RCC_ClockConfig
                0x08005acc      0x36c Drivers\STM32H7xx_HAL_Driver\Src\stm32h7xx_hal_rcc.o
                0x08005acc                HAL_RCC_ClockConfig
 .text.HAL_RCC_GetSysClockFreq
                0x08005e38      0x2e4 Drivers\STM32H7xx_HAL_Driver\Src\stm32h7xx_hal_rcc.o
                0x08005e38                HAL_RCC_GetSysClockFreq
 .text.HAL_RCC_GetHCLKFreq
                0x0800611c       0x60 Drivers\STM32H7xx_HAL_Driver\Src\stm32h7xx_hal_rcc.o
                0x0800611c                HAL_RCC_GetHCLKFreq
 .text.HAL_RCC_GetPCLK1Freq
                0x0800617c       0x2c Drivers\STM32H7xx_HAL_Driver\Src\stm32h7xx_hal_rcc.o
                0x0800617c                HAL_RCC_GetPCLK1Freq
 .text.HAL_RCC_GetPCLK2Freq
                0x080061a8       0x2c Drivers\STM32H7xx_HAL_Driver\Src\stm32h7xx_hal_rcc.o
                0x080061a8                HAL_RCC_GetPCLK2Freq
 .text.HAL_RCCEx_PeriphCLKConfig
                0x080061d4      0xdfc Drivers\STM32H7xx_HAL_Driver\Src\stm32h7xx_hal_rcc_ex.o
                0x080061d4                HAL_RCCEx_PeriphCLKConfig
 .text.HAL_RCCEx_GetPeriphCLKFreq
                0x08006fd0      0x8ec Drivers\STM32H7xx_HAL_Driver\Src\stm32h7xx_hal_rcc_ex.o
                0x08006fd0                HAL_RCCEx_GetPeriphCLKFreq
 .text.HAL_RCCEx_GetD3PCLK1Freq
                0x080078bc       0x2c Drivers\STM32H7xx_HAL_Driver\Src\stm32h7xx_hal_rcc_ex.o
                0x080078bc                HAL_RCCEx_GetD3PCLK1Freq
 .text.HAL_RCCEx_GetPLL2ClockFreq
                0x080078e8      0x298 Drivers\STM32H7xx_HAL_Driver\Src\stm32h7xx_hal_rcc_ex.o
                0x080078e8                HAL_RCCEx_GetPLL2ClockFreq
 .text.HAL_RCCEx_GetPLL3ClockFreq
                0x08007b80      0x298 Drivers\STM32H7xx_HAL_Driver\Src\stm32h7xx_hal_rcc_ex.o
                0x08007b80                HAL_RCCEx_GetPLL3ClockFreq
 .text.HAL_RCCEx_GetPLL1ClockFreq
                0x08007e18      0x298 Drivers\STM32H7xx_HAL_Driver\Src\stm32h7xx_hal_rcc_ex.o
                0x08007e18                HAL_RCCEx_GetPLL1ClockFreq
 .text.RCCEx_PLL2_Config
                0x080080b0      0x164 Drivers\STM32H7xx_HAL_Driver\Src\stm32h7xx_hal_rcc_ex.o
 .text.RCCEx_PLL3_Config
                0x08008214      0x164 Drivers\STM32H7xx_HAL_Driver\Src\stm32h7xx_hal_rcc_ex.o
 .text.HAL_SPI_Init
                0x08008378      0x200 Drivers\STM32H7xx_HAL_Driver\Src\stm32h7xx_hal_spi.o
                0x08008378                HAL_SPI_Init
 .text.SPI_GetPacketSize
                0x08008578       0x36 Drivers\STM32H7xx_HAL_Driver\Src\stm32h7xx_hal_spi.o
 .text.HAL_TIM_Base_Init
                0x080085ae       0xae Drivers\STM32H7xx_HAL_Driver\Src\stm32h7xx_hal_tim.o
                0x080085ae                HAL_TIM_Base_Init
 .text.HAL_TIM_Base_Start_IT
                0x0800865c       0xe0 Drivers\STM32H7xx_HAL_Driver\Src\stm32h7xx_hal_tim.o
                0x0800865c                HAL_TIM_Base_Start_IT
 .text.HAL_TIM_PWM_Init
                0x0800873c       0xae Drivers\STM32H7xx_HAL_Driver\Src\stm32h7xx_hal_tim.o
                0x0800873c                HAL_TIM_PWM_Init
 .text.HAL_TIM_PWM_MspInit
                0x080087ea       0x14 Drivers\STM32H7xx_HAL_Driver\Src\stm32h7xx_hal_tim.o
                0x080087ea                HAL_TIM_PWM_MspInit
 .text.HAL_TIM_IRQHandler
                0x080087fe      0x23e Drivers\STM32H7xx_HAL_Driver\Src\stm32h7xx_hal_tim.o
                0x080087fe                HAL_TIM_IRQHandler
 .text.HAL_TIM_PWM_ConfigChannel
                0x08008a3c      0x220 Drivers\STM32H7xx_HAL_Driver\Src\stm32h7xx_hal_tim.o
                0x08008a3c                HAL_TIM_PWM_ConfigChannel
 .text.HAL_TIM_ConfigClockSource
                0x08008c5c      0x1a0 Drivers\STM32H7xx_HAL_Driver\Src\stm32h7xx_hal_tim.o
                0x08008c5c                HAL_TIM_ConfigClockSource
 .text.HAL_TIM_OC_DelayElapsedCallback
                0x08008dfc       0x14 Drivers\STM32H7xx_HAL_Driver\Src\stm32h7xx_hal_tim.o
                0x08008dfc                HAL_TIM_OC_DelayElapsedCallback
 .text.HAL_TIM_IC_CaptureCallback
                0x08008e10       0x14 Drivers\STM32H7xx_HAL_Driver\Src\stm32h7xx_hal_tim.o
                0x08008e10                HAL_TIM_IC_CaptureCallback
 .text.HAL_TIM_PWM_PulseFinishedCallback
                0x08008e24       0x14 Drivers\STM32H7xx_HAL_Driver\Src\stm32h7xx_hal_tim.o
                0x08008e24                HAL_TIM_PWM_PulseFinishedCallback
 .text.HAL_TIM_TriggerCallback
                0x08008e38       0x14 Drivers\STM32H7xx_HAL_Driver\Src\stm32h7xx_hal_tim.o
                0x08008e38                HAL_TIM_TriggerCallback
 .text.TIM_Base_SetConfig
                0x08008e4c      0x134 Drivers\STM32H7xx_HAL_Driver\Src\stm32h7xx_hal_tim.o
                0x08008e4c                TIM_Base_SetConfig
 .text.TIM_OC1_SetConfig
                0x08008f80      0x120 Drivers\STM32H7xx_HAL_Driver\Src\stm32h7xx_hal_tim.o
 .text.TIM_OC2_SetConfig
                0x080090a0      0x114 Drivers\STM32H7xx_HAL_Driver\Src\stm32h7xx_hal_tim.o
                0x080090a0                TIM_OC2_SetConfig
 .text.TIM_OC3_SetConfig
                0x080091b4      0x10c Drivers\STM32H7xx_HAL_Driver\Src\stm32h7xx_hal_tim.o
 .text.TIM_OC4_SetConfig
                0x080092c0       0xd0 Drivers\STM32H7xx_HAL_Driver\Src\stm32h7xx_hal_tim.o
 .text.TIM_OC5_SetConfig
                0x08009390       0xc4 Drivers\STM32H7xx_HAL_Driver\Src\stm32h7xx_hal_tim.o
 .text.TIM_OC6_SetConfig
                0x08009454       0xc8 Drivers\STM32H7xx_HAL_Driver\Src\stm32h7xx_hal_tim.o
 .text.TIM_TI1_ConfigInputStage
                0x0800951c       0x5e Drivers\STM32H7xx_HAL_Driver\Src\stm32h7xx_hal_tim.o
 .text.TIM_TI2_ConfigInputStage
                0x0800957a       0x60 Drivers\STM32H7xx_HAL_Driver\Src\stm32h7xx_hal_tim.o
 *fill*         0x080095da        0x2 
 .text.TIM_ITRx_SetConfig
                0x080095dc       0x3c Drivers\STM32H7xx_HAL_Driver\Src\stm32h7xx_hal_tim.o
 .text.TIM_ETR_SetConfig
                0x08009618       0x40 Drivers\STM32H7xx_HAL_Driver\Src\stm32h7xx_hal_tim.o
                0x08009618                TIM_ETR_SetConfig
 .text.HAL_TIMEx_MasterConfigSynchronization
                0x08009658      0x110 Drivers\STM32H7xx_HAL_Driver\Src\stm32h7xx_hal_tim_ex.o
                0x08009658                HAL_TIMEx_MasterConfigSynchronization
 .text.HAL_TIMEx_CommutCallback
                0x08009768       0x14 Drivers\STM32H7xx_HAL_Driver\Src\stm32h7xx_hal_tim_ex.o
                0x08009768                HAL_TIMEx_CommutCallback
 .text.HAL_TIMEx_BreakCallback
                0x0800977c       0x14 Drivers\STM32H7xx_HAL_Driver\Src\stm32h7xx_hal_tim_ex.o
                0x0800977c                HAL_TIMEx_BreakCallback
 .text.HAL_TIMEx_Break2Callback
                0x08009790       0x14 Drivers\STM32H7xx_HAL_Driver\Src\stm32h7xx_hal_tim_ex.o
                0x08009790                HAL_TIMEx_Break2Callback
 .text.HAL_UART_Init
                0x080097a4       0xa0 Drivers\STM32H7xx_HAL_Driver\Src\stm32h7xx_hal_uart.o
                0x080097a4                HAL_UART_Init
 .text.HAL_UART_IRQHandler
                0x08009844      0x578 Drivers\STM32H7xx_HAL_Driver\Src\stm32h7xx_hal_uart.o
                0x08009844                HAL_UART_IRQHandler
 .text.HAL_UART_TxCpltCallback
                0x08009dbc       0x14 Drivers\STM32H7xx_HAL_Driver\Src\stm32h7xx_hal_uart.o
                0x08009dbc                HAL_UART_TxCpltCallback
 .text.HAL_UART_ErrorCallback
                0x08009dd0       0x14 Drivers\STM32H7xx_HAL_Driver\Src\stm32h7xx_hal_uart.o
                0x08009dd0                HAL_UART_ErrorCallback
 .text.HAL_UARTEx_RxEventCallback
                0x08009de4       0x18 Drivers\STM32H7xx_HAL_Driver\Src\stm32h7xx_hal_uart.o
                0x08009de4                HAL_UARTEx_RxEventCallback
 .text.UART_SetConfig
                0x08009dfc      0xb40 Drivers\STM32H7xx_HAL_Driver\Src\stm32h7xx_hal_uart.o
                0x08009dfc                UART_SetConfig
 .text.UART_AdvFeatureConfig
                0x0800a93c      0x144 Drivers\STM32H7xx_HAL_Driver\Src\stm32h7xx_hal_uart.o
                0x0800a93c                UART_AdvFeatureConfig
 .text.UART_CheckIdleState
                0x0800aa80       0x96 Drivers\STM32H7xx_HAL_Driver\Src\stm32h7xx_hal_uart.o
                0x0800aa80                UART_CheckIdleState
 .text.UART_WaitOnFlagUntilTimeout
                0x0800ab16      0x100 Drivers\STM32H7xx_HAL_Driver\Src\stm32h7xx_hal_uart.o
                0x0800ab16                UART_WaitOnFlagUntilTimeout
 *fill*         0x0800ac16        0x2 
 .text.UART_EndRxTransfer
                0x0800ac18       0x64 Drivers\STM32H7xx_HAL_Driver\Src\stm32h7xx_hal_uart.o
 .text.UART_DMAAbortOnError
                0x0800ac7c       0x2c Drivers\STM32H7xx_HAL_Driver\Src\stm32h7xx_hal_uart.o
 .text.UART_EndTransmit_IT
                0x0800aca8       0x34 Drivers\STM32H7xx_HAL_Driver\Src\stm32h7xx_hal_uart.o
 .text.HAL_UARTEx_WakeupCallback
                0x0800acdc       0x14 Drivers\STM32H7xx_HAL_Driver\Src\stm32h7xx_hal_uart_ex.o
                0x0800acdc                HAL_UARTEx_WakeupCallback
 .text.HAL_UARTEx_RxFifoFullCallback
                0x0800acf0       0x14 Drivers\STM32H7xx_HAL_Driver\Src\stm32h7xx_hal_uart_ex.o
                0x0800acf0                HAL_UARTEx_RxFifoFullCallback
 .text.HAL_UARTEx_TxFifoEmptyCallback
                0x0800ad04       0x14 Drivers\STM32H7xx_HAL_Driver\Src\stm32h7xx_hal_uart_ex.o
                0x0800ad04                HAL_UARTEx_TxFifoEmptyCallback
 .text.HAL_UARTEx_DisableFifoMode
                0x0800ad18       0x72 Drivers\STM32H7xx_HAL_Driver\Src\stm32h7xx_hal_uart_ex.o
                0x0800ad18                HAL_UARTEx_DisableFifoMode
 .text.HAL_UARTEx_SetTxFifoThreshold
                0x0800ad8a       0x7c Drivers\STM32H7xx_HAL_Driver\Src\stm32h7xx_hal_uart_ex.o
                0x0800ad8a                HAL_UARTEx_SetTxFifoThreshold
 .text.HAL_UARTEx_SetRxFifoThreshold
                0x0800ae06       0x7c Drivers\STM32H7xx_HAL_Driver\Src\stm32h7xx_hal_uart_ex.o
                0x0800ae06                HAL_UARTEx_SetRxFifoThreshold
 *fill*         0x0800ae82        0x2 
 .text.UARTEx_SetNbDataToProcess
                0x0800ae84       0x9c Drivers\STM32H7xx_HAL_Driver\Src\stm32h7xx_hal_uart_ex.o
 .text.MX_ADC1_Init
                0x0800af20       0xf0 Src\adc.o
                0x0800af20                MX_ADC1_Init
 .text.MX_ADC3_Init
                0x0800b010       0xcc Src\adc.o
                0x0800b010                MX_ADC3_Init
 .text.HAL_ADC_MspInit
                0x0800b0dc      0x150 Src\adc.o
                0x0800b0dc                HAL_ADC_MspInit
 .text.MX_DAC1_Init
                0x0800b22c       0x78 Src\dac.o
                0x0800b22c                MX_DAC1_Init
 .text.HAL_DAC_MspInit
                0x0800b2a4       0x8c Src\dac.o
                0x0800b2a4                HAL_DAC_MspInit
 .text.MX_DMA_Init
                0x0800b330       0x60 Src\dma.o
                0x0800b330                MX_DMA_Init
 .text.MX_GPIO_Init
                0x0800b390      0x280 Src\gpio.o
                0x0800b390                MX_GPIO_Init
 .text.HAL_TIM_PeriodElapsedCallback
                0x0800b610      0x158 Src\main.o
                0x0800b610                HAL_TIM_PeriodElapsedCallback
 .text.main     0x0800b768       0xc0 Src\main.o
                0x0800b768                main
 .text.SystemClock_Config
                0x0800b828      0x108 Src\main.o
                0x0800b828                SystemClock_Config
 .text.PeriphCommonClock_Config
                0x0800b930       0x6c Src\main.o
                0x0800b930                PeriphCommonClock_Config
 .text.Error_Handler
                0x0800b99c        0x8 Src\main.o
                0x0800b99c                Error_Handler
 .text.PIDInputSWitch
                0x0800b9a4       0x36 Src\main.o
                0x0800b9a4                PIDInputSWitch
 *fill*         0x0800b9da        0x6 
 .text.PID_vInit
                0x0800b9e0      0x210 Src\main.o
                0x0800b9e0                PID_vInit
 .text.PID_Calc
                0x0800bbf0      0x1b2 Src\main.o
                0x0800bbf0                PID_Calc
 *fill*         0x0800bda2        0x2 
 .text.MX_SPI1_Init
                0x0800bda4       0xac Src\spi.o
                0x0800bda4                MX_SPI1_Init
 .text.MX_SPI4_Init
                0x0800be50       0xb0 Src\spi.o
                0x0800be50                MX_SPI4_Init
 .text.HAL_SPI_MspInit
                0x0800bf00      0x144 Src\spi.o
                0x0800bf00                HAL_SPI_MspInit
 .text.HAL_MspInit
                0x0800c044       0x34 Src\stm32h7xx_hal_msp.o
                0x0800c044                HAL_MspInit
 .text.NMI_Handler
                0x0800c078        0x6 Src\stm32h7xx_it.o
                0x0800c078                NMI_Handler
 .text.HardFault_Handler
                0x0800c07e        0x6 Src\stm32h7xx_it.o
                0x0800c07e                HardFault_Handler
 .text.MemManage_Handler
                0x0800c084        0x6 Src\stm32h7xx_it.o
                0x0800c084                MemManage_Handler
 .text.BusFault_Handler
                0x0800c08a        0x6 Src\stm32h7xx_it.o
                0x0800c08a                BusFault_Handler
 .text.UsageFault_Handler
                0x0800c090        0x6 Src\stm32h7xx_it.o
                0x0800c090                UsageFault_Handler
 .text.SVC_Handler
                0x0800c096        0xe Src\stm32h7xx_it.o
                0x0800c096                SVC_Handler
 .text.DebugMon_Handler
                0x0800c0a4        0xe Src\stm32h7xx_it.o
                0x0800c0a4                DebugMon_Handler
 .text.PendSV_Handler
                0x0800c0b2        0xe Src\stm32h7xx_it.o
                0x0800c0b2                PendSV_Handler
 .text.SysTick_Handler
                0x0800c0c0        0xc Src\stm32h7xx_it.o
                0x0800c0c0                SysTick_Handler
 .text.DMA1_Stream0_IRQHandler
                0x0800c0cc       0x14 Src\stm32h7xx_it.o
                0x0800c0cc                DMA1_Stream0_IRQHandler
 .text.DMA1_Stream1_IRQHandler
                0x0800c0e0       0x14 Src\stm32h7xx_it.o
                0x0800c0e0                DMA1_Stream1_IRQHandler
 .text.DMA1_Stream2_IRQHandler
                0x0800c0f4       0x14 Src\stm32h7xx_it.o
                0x0800c0f4                DMA1_Stream2_IRQHandler
 .text.TIM2_IRQHandler
                0x0800c108       0x14 Src\stm32h7xx_it.o
                0x0800c108                TIM2_IRQHandler
 .text.USART3_IRQHandler
                0x0800c11c       0x14 Src\stm32h7xx_it.o
                0x0800c11c                USART3_IRQHandler
 .text.SystemInit
                0x0800c130      0x118 Src\system_stm32h7xx.o
                0x0800c130                SystemInit
 .text.MX_TIM2_Init
                0x0800c248       0xec Src\tim.o
                0x0800c248                MX_TIM2_Init
 .text.HAL_TIM_Base_MspInit
                0x0800c334       0x4c Src\tim.o
                0x0800c334                HAL_TIM_Base_MspInit
 .text.HAL_TIM_MspPostInit
                0x0800c380       0x70 Src\tim.o
                0x0800c380                HAL_TIM_MspPostInit
 .text.MX_USART3_UART_Init
                0x0800c3f0       0x98 Src\usart.o
                0x0800c3f0                MX_USART3_UART_Init
 .text.HAL_UART_MspInit
                0x0800c488      0x1a4 Src\usart.o
                0x0800c488                HAL_UART_MspInit
 .text.Reset_Handler
                0x0800c62c       0x50 startup\startup_stm32h743xx.o
                0x0800c62c                Reset_Handler
 .text.Default_Handler
                0x0800c67c        0x2 startup\startup_stm32h743xx.o
                0x0800c67c                RTC_Alarm_IRQHandler
                0x0800c67c                EXTI2_IRQHandler
                0x0800c67c                TIM8_CC_IRQHandler
                0x0800c67c                HRTIM1_Master_IRQHandler
                0x0800c67c                UART8_IRQHandler
                0x0800c67c                SPI4_IRQHandler
                0x0800c67c                TIM1_CC_IRQHandler
                0x0800c67c                BDMA_Channel6_IRQHandler
                0x0800c67c                DMA2_Stream5_IRQHandler
                0x0800c67c                HRTIM1_FLT_IRQHandler
                0x0800c67c                JPEG_IRQHandler
                0x0800c67c                DMA1_Stream5_IRQHandler
                0x0800c67c                BDMA_Channel1_IRQHandler
                0x0800c67c                HRTIM1_TIMD_IRQHandler
                0x0800c67c                TAMP_STAMP_IRQHandler
                0x0800c67c                EXTI3_IRQHandler
                0x0800c67c                LPTIM4_IRQHandler
                0x0800c67c                TIM8_TRG_COM_TIM14_IRQHandler
                0x0800c67c                LPTIM2_IRQHandler
                0x0800c67c                DFSDM1_FLT1_IRQHandler
                0x0800c67c                DMAMUX2_OVR_IRQHandler
                0x0800c67c                TIM8_UP_TIM13_IRQHandler
                0x0800c67c                I2C3_ER_IRQHandler
                0x0800c67c                DFSDM1_FLT2_IRQHandler
                0x0800c67c                MDMA_IRQHandler
                0x0800c67c                LPTIM3_IRQHandler
                0x0800c67c                HSEM1_IRQHandler
                0x0800c67c                EXTI0_IRQHandler
                0x0800c67c                I2C2_EV_IRQHandler
                0x0800c67c                FPU_IRQHandler
                0x0800c67c                OTG_HS_WKUP_IRQHandler
                0x0800c67c                FDCAN1_IT1_IRQHandler
                0x0800c67c                LTDC_ER_IRQHandler
                0x0800c67c                DMA2_Stream2_IRQHandler
                0x0800c67c                HRTIM1_TIME_IRQHandler
                0x0800c67c                SPI1_IRQHandler
                0x0800c67c                TIM6_DAC_IRQHandler
                0x0800c67c                DCMI_IRQHandler
                0x0800c67c                HRTIM1_TIMC_IRQHandler
                0x0800c67c                DMA2_Stream3_IRQHandler
                0x0800c67c                SAI2_IRQHandler
                0x0800c67c                DFSDM1_FLT3_IRQHandler
                0x0800c67c                USART6_IRQHandler
                0x0800c67c                TIM17_IRQHandler
                0x0800c67c                BDMA_Channel7_IRQHandler
                0x0800c67c                LPTIM5_IRQHandler
                0x0800c67c                UART5_IRQHandler
                0x0800c67c                ADC3_IRQHandler
                0x0800c67c                DMA2_Stream0_IRQHandler
                0x0800c67c                TIM4_IRQHandler
                0x0800c67c                BDMA_Channel2_IRQHandler
                0x0800c67c                QUADSPI_IRQHandler
                0x0800c67c                I2C1_EV_IRQHandler
                0x0800c67c                DMA1_Stream6_IRQHandler
                0x0800c67c                DMAMUX1_OVR_IRQHandler
                0x0800c67c                TIM16_IRQHandler
                0x0800c67c                UART4_IRQHandler
                0x0800c67c                BDMA_Channel5_IRQHandler
                0x0800c67c                TIM3_IRQHandler
                0x0800c67c                RCC_IRQHandler
                0x0800c67c                TIM8_BRK_TIM12_IRQHandler
                0x0800c67c                TIM1_TRG_COM_IRQHandler
                0x0800c67c                Default_Handler
                0x0800c67c                ECC_IRQHandler
                0x0800c67c                CEC_IRQHandler
                0x0800c67c                EXTI15_10_IRQHandler
                0x0800c67c                BDMA_Channel0_IRQHandler
                0x0800c67c                ADC_IRQHandler
                0x0800c67c                DMA1_Stream7_IRQHandler
                0x0800c67c                HRTIM1_TIMA_IRQHandler
                0x0800c67c                SPI5_IRQHandler
                0x0800c67c                TIM7_IRQHandler
                0x0800c67c                SDMMC1_IRQHandler
                0x0800c67c                TIM5_IRQHandler
                0x0800c67c                DMA2_Stream7_IRQHandler
                0x0800c67c                TIM15_IRQHandler
                0x0800c67c                PVD_AVD_IRQHandler
                0x0800c67c                I2C3_EV_IRQHandler
                0x0800c67c                EXTI9_5_IRQHandler
                0x0800c67c                RTC_WKUP_IRQHandler
                0x0800c67c                LTDC_IRQHandler
                0x0800c67c                SAI3_IRQHandler
                0x0800c67c                ETH_WKUP_IRQHandler
                0x0800c67c                SPDIF_RX_IRQHandler
                0x0800c67c                SPI2_IRQHandler
                0x0800c67c                OTG_HS_EP1_IN_IRQHandler
                0x0800c67c                CRS_IRQHandler
                0x0800c67c                EXTI4_IRQHandler
                0x0800c67c                RNG_IRQHandler
                0x0800c67c                HRTIM1_TIMB_IRQHandler
                0x0800c67c                FDCAN2_IT1_IRQHandler
                0x0800c67c                ETH_IRQHandler
                0x0800c67c                TIM1_UP_IRQHandler
                0x0800c67c                BDMA_Channel4_IRQHandler
                0x0800c67c                OTG_HS_EP1_OUT_IRQHandler
                0x0800c67c                WWDG_IRQHandler
                0x0800c67c                SPI6_IRQHandler
                0x0800c67c                MDIOS_IRQHandler
                0x0800c67c                I2C4_EV_IRQHandler
                0x0800c67c                FDCAN2_IT0_IRQHandler
                0x0800c67c                LPUART1_IRQHandler
                0x0800c67c                FDCAN1_IT0_IRQHandler
                0x0800c67c                OTG_FS_WKUP_IRQHandler
                0x0800c67c                OTG_HS_IRQHandler
                0x0800c67c                DMA2D_IRQHandler
                0x0800c67c                TIM1_BRK_IRQHandler
                0x0800c67c                EXTI1_IRQHandler
                0x0800c67c                SDMMC2_IRQHandler
                0x0800c67c                OTG_FS_EP1_OUT_IRQHandler
                0x0800c67c                BDMA_Channel3_IRQHandler
                0x0800c67c                UART7_IRQHandler
                0x0800c67c                MDIOS_WKUP_IRQHandler
                0x0800c67c                USART2_IRQHandler
                0x0800c67c                DFSDM1_FLT0_IRQHandler
                0x0800c67c                SAI4_IRQHandler
                0x0800c67c                I2C2_ER_IRQHandler
                0x0800c67c                DMA2_Stream1_IRQHandler
                0x0800c67c                FLASH_IRQHandler
                0x0800c67c                DMA2_Stream4_IRQHandler
                0x0800c67c                USART1_IRQHandler
                0x0800c67c                OTG_FS_IRQHandler
                0x0800c67c                SPI3_IRQHandler
                0x0800c67c                WAKEUP_PIN_IRQHandler
                0x0800c67c                DMA1_Stream4_IRQHandler
                0x0800c67c                OTG_FS_EP1_IN_IRQHandler
                0x0800c67c                I2C1_ER_IRQHandler
                0x0800c67c                FMC_IRQHandler
                0x0800c67c                FDCAN_CAL_IRQHandler
                0x0800c67c                SWPMI1_IRQHandler
                0x0800c67c                COMP1_IRQHandler
                0x0800c67c                LPTIM1_IRQHandler
                0x0800c67c                I2C4_ER_IRQHandler
                0x0800c67c                DMA2_Stream6_IRQHandler
                0x0800c67c                SAI1_IRQHandler
                0x0800c67c                DMA1_Stream3_IRQHandler
 *fill*         0x0800c67e        0x2 
 .text.__libc_init_array
                0x0800c680       0x48 c:/program files (x86)/atollic/truestudio for stm32 9.1.0/armtools/bin/../lib/gcc/arm-atollic-eabi/6.3.1/../../../../arm-atollic-eabi/lib/armv7e-m/fpu/fpv5-d16\libc_nano.a(lib_a-init.o)
                0x0800c680                __libc_init_array
 .text.memset   0x0800c6c8       0x10 c:/program files (x86)/atollic/truestudio for stm32 9.1.0/armtools/bin/../lib/gcc/arm-atollic-eabi/6.3.1/../../../../arm-atollic-eabi/lib/armv7e-m/fpu/fpv5-d16\libc_nano.a(lib_a-memset.o)
                0x0800c6c8                memset
 *(.glue_7)
 .glue_7        0x0800c6d8        0x0 linker stubs
 *(.glue_7t)
 .glue_7t       0x0800c6d8        0x0 linker stubs
 *(.eh_frame)
 .eh_frame      0x0800c6d8        0x0 c:/program files (x86)/atollic/truestudio for stm32 9.1.0/armtools/bin/../lib/gcc/arm-atollic-eabi/6.3.1/armv7e-m/fpu/fpv5-d16/crtbegin.o
 *(.init)
 .init          0x0800c6d8        0x4 c:/program files (x86)/atollic/truestudio for stm32 9.1.0/armtools/bin/../lib/gcc/arm-atollic-eabi/6.3.1/armv7e-m/fpu/fpv5-d16/crti.o
                0x0800c6d8                _init
 .init          0x0800c6dc        0x8 c:/program files (x86)/atollic/truestudio for stm32 9.1.0/armtools/bin/../lib/gcc/arm-atollic-eabi/6.3.1/armv7e-m/fpu/fpv5-d16/crtn.o
 *(.fini)
 .fini          0x0800c6e4        0x4 c:/program files (x86)/atollic/truestudio for stm32 9.1.0/armtools/bin/../lib/gcc/arm-atollic-eabi/6.3.1/armv7e-m/fpu/fpv5-d16/crti.o
                0x0800c6e4                _fini
 .fini          0x0800c6e8        0x8 c:/program files (x86)/atollic/truestudio for stm32 9.1.0/armtools/bin/../lib/gcc/arm-atollic-eabi/6.3.1/armv7e-m/fpu/fpv5-d16/crtn.o
                0x0800c6f0                . = ALIGN (0x4)
                0x0800c6f0                _etext = .

.vfp11_veneer   0x0800c6f0        0x0
 .vfp11_veneer  0x0800c6f0        0x0 linker stubs

.v4_bx          0x0800c6f0        0x0
 .v4_bx         0x0800c6f0        0x0 linker stubs

.iplt           0x0800c6f0        0x0
 .iplt          0x0800c6f0        0x0 c:/program files (x86)/atollic/truestudio for stm32 9.1.0/armtools/bin/../lib/gcc/arm-atollic-eabi/6.3.1/armv7e-m/fpu/fpv5-d16/crtbegin.o

.rodata         0x0800c6f0       0x40
                0x0800c6f0                . = ALIGN (0x4)
 *(.rodata)
 *(.rodata*)
 .rodata.flagBitshiftOffset.11916
                0x0800c6f0        0x8 Drivers\STM32H7xx_HAL_Driver\Src\stm32h7xx_hal_dma.o
 .rodata.UARTPrescTable
                0x0800c6f8       0x18 Drivers\STM32H7xx_HAL_Driver\Src\stm32h7xx_hal_uart.o
                0x0800c6f8                UARTPrescTable
 .rodata.numerator.11871
                0x0800c710        0x8 Drivers\STM32H7xx_HAL_Driver\Src\stm32h7xx_hal_uart_ex.o
 .rodata.denominator.11872
                0x0800c718        0x8 Drivers\STM32H7xx_HAL_Driver\Src\stm32h7xx_hal_uart_ex.o
 .rodata.D1CorePrescTable
                0x0800c720       0x10 Src\system_stm32h7xx.o
                0x0800c720                D1CorePrescTable
                0x0800c730                . = ALIGN (0x4)

.ARM.extab
 *(.ARM.extab* .gnu.linkonce.armextab.*)

.ARM            0x0800c730        0x8
                0x0800c730                __exidx_start = .
 *(.ARM.exidx*)
 .ARM.exidx     0x0800c730        0x8 c:/program files (x86)/atollic/truestudio for stm32 9.1.0/armtools/bin/../lib/gcc/arm-atollic-eabi/6.3.1/armv7e-m/fpu/fpv5-d16\libgcc.a(_udivmoddi4.o)
                0x0800c738                __exidx_end = .

.rel.dyn        0x0800c738        0x0
 .rel.iplt      0x0800c738        0x0 c:/program files (x86)/atollic/truestudio for stm32 9.1.0/armtools/bin/../lib/gcc/arm-atollic-eabi/6.3.1/armv7e-m/fpu/fpv5-d16/crtbegin.o

.preinit_array  0x0800c738        0x0
                0x0800c738                PROVIDE (__preinit_array_start, .)
 *(.preinit_array*)
                0x0800c738                PROVIDE (__preinit_array_end, .)

.init_array     0x0800c738        0x4
                0x0800c738                PROVIDE (__init_array_start, .)
 *(SORT(.init_array.*))
 *(.init_array*)
 .init_array    0x0800c738        0x4 c:/program files (x86)/atollic/truestudio for stm32 9.1.0/armtools/bin/../lib/gcc/arm-atollic-eabi/6.3.1/armv7e-m/fpu/fpv5-d16/crtbegin.o
                0x0800c73c                PROVIDE (__init_array_end, .)

.fini_array     0x0800c73c        0x4
                [!provide]                PROVIDE (__fini_array_start, .)
 *(SORT(.fini_array.*))
 *(.fini_array*)
 .fini_array    0x0800c73c        0x4 c:/program files (x86)/atollic/truestudio for stm32 9.1.0/armtools/bin/../lib/gcc/arm-atollic-eabi/6.3.1/armv7e-m/fpu/fpv5-d16/crtbegin.o
                [!provide]                PROVIDE (__fini_array_end, .)
                0x0800c740                _sidata = LOADADDR (.data)

.data           0x24000000       0x14 load address 0x0800c740
                0x24000000                . = ALIGN (0x4)
                0x24000000                _sdata = .
 *(.data)
 *(.data*)
 .data.uwTickPrio
                0x24000000        0x4 Drivers\STM32H7xx_HAL_Driver\Src\stm32h7xx_hal.o
                0x24000000                uwTickPrio
 .data.uwTickFreq
                0x24000004        0x1 Drivers\STM32H7xx_HAL_Driver\Src\stm32h7xx_hal.o
                0x24000004                uwTickFreq
 .data.PIDInputOption
                0x24000005        0x1 Src\main.o
                0x24000005                PIDInputOption
 *fill*         0x24000006        0x2 
 .data.pPID1    0x24000008        0x4 Src\main.o
                0x24000008                pPID1
 .data.SystemCoreClock
                0x2400000c        0x4 Src\system_stm32h7xx.o
                0x2400000c                SystemCoreClock
 .data.SystemD2Clock
                0x24000010        0x4 Src\system_stm32h7xx.o
                0x24000010                SystemD2Clock
                0x24000014                . = ALIGN (0x4)
                0x24000014                _edata = .

.igot.plt       0x24000014        0x0 load address 0x0800c754
 .igot.plt      0x24000014        0x0 c:/program files (x86)/atollic/truestudio for stm32 9.1.0/armtools/bin/../lib/gcc/arm-atollic-eabi/6.3.1/armv7e-m/fpu/fpv5-d16/crtbegin.o
                0x24000014                . = ALIGN (0x4)

.bss            0x24000018      0x68c load address 0x0800c754
                0x24000018                _sbss = .
                0x24000018                __bss_start__ = _sbss
 *(.bss)
 .bss           0x24000018       0x1c c:/program files (x86)/atollic/truestudio for stm32 9.1.0/armtools/bin/../lib/gcc/arm-atollic-eabi/6.3.1/armv7e-m/fpu/fpv5-d16/crtbegin.o
 *(.bss*)
 .bss.adc_value
                0x24000034        0x4 Src\main.o
                0x24000034                adc_value
 .bss.volt_value
                0x24000038        0x8 Src\main.o
                0x24000038                volt_value
 .bss.PT_Anf    0x24000040        0x8 Src\main.o
                0x24000040                PT_Anf
 .bss.PT_End    0x24000048        0x8 Src\main.o
                0x24000048                PT_End
 .bss.LockInOutput
                0x24000050        0x8 Src\main.o
                0x24000050                LockInOutput
 *(COMMON)
 COMMON         0x24000058        0x4 Drivers\STM32H7xx_HAL_Driver\Src\stm32h7xx_hal.o
                0x24000058                uwTick
 *fill*         0x2400005c        0x4 
 COMMON         0x24000060      0x2f8 Src\adc.o
                0x24000060                Switch2_ModulationEnable
                0x24000068                InstancePID2
                0x24000128                tty4
                0x24000130                Switch2_DACOffset
                0x24000138                hadc1
                0x2400019c                hadc3
                0x24000200                InstancePID1
                0x240002c0                tty2
                0x240002c4                hdma_adc1
                0x2400033c                tty3
                0x24000340                Switch1_offsetEnable
                0x24000341                Switch1_PID1Enable
                0x24000342                Switch2_PID1Enable
                0x24000343                Switch1_PID2Enable
                0x24000344                Switch2_PID2Enable
                0x24000345                Switch2_offsetEnable
                0x24000348                tty1
                0x2400034c                Switch1_ModulationEnable
                0x24000350                Switch1_DACOffset
 COMMON         0x24000358       0x14 Src\dac.o
                0x24000358                hdac1
 *fill*         0x2400036c        0x4 
 COMMON         0x24000370       0x58 Src\main.o
                0x24000370                yout
                0x24000378                li
                0x2400037c                charI
                0x2400039c                DACoutput1
                0x240003a0                ADCBuf
                0x240003a8                pData
                0x240003b0                paramFreq
                0x240003b8                DACoutput2
                0x240003bc                acValBuffer
                0x240003c0                Tim2ARR
                0x240003c4                hexString
                0x240003c6                pdata
 COMMON         0x240003c8      0x110 Src\spi.o
                0x240003c8                hspi4
                0x24000450                hspi1
 COMMON         0x240004d8       0x4c Src\tim.o
                0x240004d8                htim2
 COMMON         0x24000524      0x180 Src\usart.o
                0x24000524                hdma_usart3_rx
                0x2400059c                huart3
                0x2400062c                hdma_usart3_tx
                0x240006a4                . = ALIGN (0x4)
                0x240006a4                _ebss = .
                0x240006a4                __bss_end__ = _ebss

._user_heap_stack
                0x240006a4     0x3400 load address 0x0800c754
                0x240006a4                . = ALIGN (0x4)
                0x240006a4                PROVIDE (end, .)
                [!provide]                PROVIDE (_end, .)
                0x240036a4                . = (. + _Min_Heap_Size)
 *fill*         0x240006a4     0x3000 
                0x24003aa4                . = (. + _Min_Stack_Size)
 *fill*         0x240036a4      0x400 
                0x24003aa4                . = ALIGN (0x4)

/DISCARD/
 libc.a(*)
 libm.a(*)
 libgcc.a(*)

.ARM.attributes
                0x00000000       0x2e
 *(.ARM.attributes)
 .ARM.attributes
                0x00000000       0x20 c:/program files (x86)/atollic/truestudio for stm32 9.1.0/armtools/bin/../lib/gcc/arm-atollic-eabi/6.3.1/armv7e-m/fpu/fpv5-d16/crti.o
 .ARM.attributes
                0x00000020       0x32 c:/program files (x86)/atollic/truestudio for stm32 9.1.0/armtools/bin/../lib/gcc/arm-atollic-eabi/6.3.1/armv7e-m/fpu/fpv5-d16/crtbegin.o
 .ARM.attributes
                0x00000052       0x37 Drivers\STM32H7xx_HAL_Driver\Src\stm32h7xx_hal.o
 .ARM.attributes
                0x00000089       0x37 Drivers\STM32H7xx_HAL_Driver\Src\stm32h7xx_hal_adc.o
 .ARM.attributes
                0x000000c0       0x37 Drivers\STM32H7xx_HAL_Driver\Src\stm32h7xx_hal_adc_ex.o
 .ARM.attributes
                0x000000f7       0x37 Drivers\STM32H7xx_HAL_Driver\Src\stm32h7xx_hal_cortex.o
 .ARM.attributes
                0x0000012e       0x37 Drivers\STM32H7xx_HAL_Driver\Src\stm32h7xx_hal_dac.o
 .ARM.attributes
                0x00000165       0x37 Drivers\STM32H7xx_HAL_Driver\Src\stm32h7xx_hal_dma.o
 .ARM.attributes
                0x0000019c       0x37 Drivers\STM32H7xx_HAL_Driver\Src\stm32h7xx_hal_gpio.o
 .ARM.attributes
                0x000001d3       0x37 Drivers\STM32H7xx_HAL_Driver\Src\stm32h7xx_hal_pwr_ex.o
 .ARM.attributes
                0x0000020a       0x37 Drivers\STM32H7xx_HAL_Driver\Src\stm32h7xx_hal_rcc.o
 .ARM.attributes
                0x00000241       0x37 Drivers\STM32H7xx_HAL_Driver\Src\stm32h7xx_hal_rcc_ex.o
 .ARM.attributes
                0x00000278       0x37 Drivers\STM32H7xx_HAL_Driver\Src\stm32h7xx_hal_spi.o
 .ARM.attributes
                0x000002af       0x37 Drivers\STM32H7xx_HAL_Driver\Src\stm32h7xx_hal_tim.o
 .ARM.attributes
                0x000002e6       0x37 Drivers\STM32H7xx_HAL_Driver\Src\stm32h7xx_hal_tim_ex.o
 .ARM.attributes
                0x0000031d       0x37 Drivers\STM32H7xx_HAL_Driver\Src\stm32h7xx_hal_uart.o
 .ARM.attributes
                0x00000354       0x37 Drivers\STM32H7xx_HAL_Driver\Src\stm32h7xx_hal_uart_ex.o
 .ARM.attributes
                0x0000038b       0x37 Src\adc.o
 .ARM.attributes
                0x000003c2       0x37 Src\dac.o
 .ARM.attributes
                0x000003f9       0x37 Src\dma.o
 .ARM.attributes
                0x00000430       0x37 Src\gpio.o
 .ARM.attributes
                0x00000467       0x37 Src\main.o
 .ARM.attributes
                0x0000049e       0x37 Src\spi.o
 .ARM.attributes
                0x000004d5       0x37 Src\stm32h7xx_hal_msp.o
 .ARM.attributes
                0x0000050c       0x37 Src\stm32h7xx_it.o
 .ARM.attributes
                0x00000543       0x37 Src\system_stm32h7xx.o
 .ARM.attributes
                0x0000057a       0x37 Src\tim.o
 .ARM.attributes
                0x000005b1       0x37 Src\usart.o
 .ARM.attributes
                0x000005e8       0x21 startup\startup_stm32h743xx.o
 .ARM.attributes
                0x00000609       0x32 c:/program files (x86)/atollic/truestudio for stm32 9.1.0/armtools/bin/../lib/gcc/arm-atollic-eabi/6.3.1/../../../../arm-atollic-eabi/lib/armv7e-m/fpu/fpv5-d16\libc_nano.a(lib_a-init.o)
 .ARM.attributes
                0x0000063b       0x32 c:/program files (x86)/atollic/truestudio for stm32 9.1.0/armtools/bin/../lib/gcc/arm-atollic-eabi/6.3.1/../../../../arm-atollic-eabi/lib/armv7e-m/fpu/fpv5-d16\libc_nano.a(lib_a-memset.o)
 .ARM.attributes
                0x0000066d       0x20 c:/program files (x86)/atollic/truestudio for stm32 9.1.0/armtools/bin/../lib/gcc/arm-atollic-eabi/6.3.1/armv7e-m/fpu/fpv5-d16\libgcc.a(_aeabi_uldivmod.o)
 .ARM.attributes
                0x0000068d       0x32 c:/program files (x86)/atollic/truestudio for stm32 9.1.0/armtools/bin/../lib/gcc/arm-atollic-eabi/6.3.1/armv7e-m/fpu/fpv5-d16\libgcc.a(_udivmoddi4.o)
 .ARM.attributes
                0x000006bf       0x20 c:/program files (x86)/atollic/truestudio for stm32 9.1.0/armtools/bin/../lib/gcc/arm-atollic-eabi/6.3.1/armv7e-m/fpu/fpv5-d16\libgcc.a(_dvmd_tls.o)
 .ARM.attributes
                0x000006df       0x20 c:/program files (x86)/atollic/truestudio for stm32 9.1.0/armtools/bin/../lib/gcc/arm-atollic-eabi/6.3.1/armv7e-m/fpu/fpv5-d16/crtn.o
OUTPUT(CBC_H7.elf elf32-littlearm)

.debug_info     0x00000000    0x2e7b2
 .debug_info    0x00000000     0x1df1 Drivers\STM32H7xx_HAL_Driver\Src\stm32h7xx_hal.o
 .debug_info    0x00001df1     0x2771 Drivers\STM32H7xx_HAL_Driver\Src\stm32h7xx_hal_adc.o
 .debug_info    0x00004562     0x28cb Drivers\STM32H7xx_HAL_Driver\Src\stm32h7xx_hal_adc_ex.o
 .debug_info    0x00006e2d     0x1aae Drivers\STM32H7xx_HAL_Driver\Src\stm32h7xx_hal_cortex.o
 .debug_info    0x000088db     0x14d0 Drivers\STM32H7xx_HAL_Driver\Src\stm32h7xx_hal_dac.o
 .debug_info    0x00009dab     0x15ee Drivers\STM32H7xx_HAL_Driver\Src\stm32h7xx_hal_dma.o
 .debug_info    0x0000b399     0x1672 Drivers\STM32H7xx_HAL_Driver\Src\stm32h7xx_hal_gpio.o
 .debug_info    0x0000ca0b     0x19e3 Drivers\STM32H7xx_HAL_Driver\Src\stm32h7xx_hal_pwr_ex.o
 .debug_info    0x0000e3ee     0x17c5 Drivers\STM32H7xx_HAL_Driver\Src\stm32h7xx_hal_rcc.o
 .debug_info    0x0000fbb3     0x1b35 Drivers\STM32H7xx_HAL_Driver\Src\stm32h7xx_hal_rcc_ex.o
 .debug_info    0x000116e8     0x1ee0 Drivers\STM32H7xx_HAL_Driver\Src\stm32h7xx_hal_spi.o
 .debug_info    0x000135c8     0x3326 Drivers\STM32H7xx_HAL_Driver\Src\stm32h7xx_hal_tim.o
 .debug_info    0x000168ee     0x1fd7 Drivers\STM32H7xx_HAL_Driver\Src\stm32h7xx_hal_tim_ex.o
 .debug_info    0x000188c5     0x26ca Drivers\STM32H7xx_HAL_Driver\Src\stm32h7xx_hal_uart.o
 .debug_info    0x0001af8f     0x1624 Drivers\STM32H7xx_HAL_Driver\Src\stm32h7xx_hal_uart_ex.o
 .debug_info    0x0001c5b3     0x1b0b Src\adc.o
 .debug_info    0x0001e0be     0x17ac Src\dac.o
 .debug_info    0x0001f86a     0x1467 Src\dma.o
 .debug_info    0x00020cd1     0x12bd Src\gpio.o
 .debug_info    0x00021f8e     0x309f Src\main.o
 .debug_info    0x0002502d     0x1bb9 Src\spi.o
 .debug_info    0x00026be6     0x10e2 Src\stm32h7xx_hal_msp.o
 .debug_info    0x00027cc8     0x17bb Src\stm32h7xx_it.o
 .debug_info    0x00029483     0x161c Src\system_stm32h7xx.o
 .debug_info    0x0002aa9f     0x1d7a Src\tim.o
 .debug_info    0x0002c819     0x1f1e Src\usart.o
 .debug_info    0x0002e737       0x7b startup\startup_stm32h743xx.o

.debug_abbrev   0x00000000     0x4240
 .debug_abbrev  0x00000000      0x2d2 Drivers\STM32H7xx_HAL_Driver\Src\stm32h7xx_hal.o
 .debug_abbrev  0x000002d2      0x2d4 Drivers\STM32H7xx_HAL_Driver\Src\stm32h7xx_hal_adc.o
 .debug_abbrev  0x000005a6      0x312 Drivers\STM32H7xx_HAL_Driver\Src\stm32h7xx_hal_adc_ex.o
 .debug_abbrev  0x000008b8      0x3ae Drivers\STM32H7xx_HAL_Driver\Src\stm32h7xx_hal_cortex.o
 .debug_abbrev  0x00000c66      0x252 Drivers\STM32H7xx_HAL_Driver\Src\stm32h7xx_hal_dac.o
 .debug_abbrev  0x00000eb8      0x282 Drivers\STM32H7xx_HAL_Driver\Src\stm32h7xx_hal_dma.o
 .debug_abbrev  0x0000113a      0x288 Drivers\STM32H7xx_HAL_Driver\Src\stm32h7xx_hal_gpio.o
 .debug_abbrev  0x000013c2      0x30a Drivers\STM32H7xx_HAL_Driver\Src\stm32h7xx_hal_pwr_ex.o
 .debug_abbrev  0x000016cc      0x2db Drivers\STM32H7xx_HAL_Driver\Src\stm32h7xx_hal_rcc.o
 .debug_abbrev  0x000019a7      0x2d4 Drivers\STM32H7xx_HAL_Driver\Src\stm32h7xx_hal_rcc_ex.o
 .debug_abbrev  0x00001c7b      0x2ce Drivers\STM32H7xx_HAL_Driver\Src\stm32h7xx_hal_spi.o
 .debug_abbrev  0x00001f49      0x2b4 Drivers\STM32H7xx_HAL_Driver\Src\stm32h7xx_hal_tim.o
 .debug_abbrev  0x000021fd      0x2ba Drivers\STM32H7xx_HAL_Driver\Src\stm32h7xx_hal_tim_ex.o
 .debug_abbrev  0x000024b7      0x2c4 Drivers\STM32H7xx_HAL_Driver\Src\stm32h7xx_hal_uart.o
 .debug_abbrev  0x0000277b      0x268 Drivers\STM32H7xx_HAL_Driver\Src\stm32h7xx_hal_uart_ex.o
 .debug_abbrev  0x000029e3      0x23d Src\adc.o
 .debug_abbrev  0x00002c20      0x23d Src\dac.o
 .debug_abbrev  0x00002e5d      0x1ef Src\dma.o
 .debug_abbrev  0x0000304c      0x207 Src\gpio.o
 .debug_abbrev  0x00003253      0x303 Src\main.o
 .debug_abbrev  0x00003556      0x23d Src\spi.o
 .debug_abbrev  0x00003793      0x1ef Src\stm32h7xx_hal_msp.o
 .debug_abbrev  0x00003982      0x207 Src\stm32h7xx_it.o
 .debug_abbrev  0x00003b89      0x227 Src\system_stm32h7xx.o
 .debug_abbrev  0x00003db0      0x241 Src\tim.o
 .debug_abbrev  0x00003ff1      0x23d Src\usart.o
 .debug_abbrev  0x0000422e       0x12 startup\startup_stm32h743xx.o

.debug_aranges  0x00000000     0x17e0
 .debug_aranges
                0x00000000      0x198 Drivers\STM32H7xx_HAL_Driver\Src\stm32h7xx_hal.o
 .debug_aranges
                0x00000198      0x228 Drivers\STM32H7xx_HAL_Driver\Src\stm32h7xx_hal_adc.o
 .debug_aranges
                0x000003c0      0x1d8 Drivers\STM32H7xx_HAL_Driver\Src\stm32h7xx_hal_adc_ex.o
 .debug_aranges
                0x00000598      0x120 Drivers\STM32H7xx_HAL_Driver\Src\stm32h7xx_hal_cortex.o
 .debug_aranges
                0x000006b8       0xc0 Drivers\STM32H7xx_HAL_Driver\Src\stm32h7xx_hal_dac.o
 .debug_aranges
                0x00000778       0xa0 Drivers\STM32H7xx_HAL_Driver\Src\stm32h7xx_hal_dma.o
 .debug_aranges
                0x00000818       0x58 Drivers\STM32H7xx_HAL_Driver\Src\stm32h7xx_hal_gpio.o
 .debug_aranges
                0x00000870      0x158 Drivers\STM32H7xx_HAL_Driver\Src\stm32h7xx_hal_pwr_ex.o
 .debug_aranges
                0x000009c8       0x88 Drivers\STM32H7xx_HAL_Driver\Src\stm32h7xx_hal_rcc.o
 .debug_aranges
                0x00000a50       0xf8 Drivers\STM32H7xx_HAL_Driver\Src\stm32h7xx_hal_rcc_ex.o
 .debug_aranges
                0x00000b48      0x1a8 Drivers\STM32H7xx_HAL_Driver\Src\stm32h7xx_hal_spi.o
 .debug_aranges
                0x00000cf0      0x3e0 Drivers\STM32H7xx_HAL_Driver\Src\stm32h7xx_hal_tim.o
 .debug_aranges
                0x000010d0      0x188 Drivers\STM32H7xx_HAL_Driver\Src\stm32h7xx_hal_tim_ex.o
 .debug_aranges
                0x00001258      0x248 Drivers\STM32H7xx_HAL_Driver\Src\stm32h7xx_hal_uart.o
 .debug_aranges
                0x000014a0       0xa0 Drivers\STM32H7xx_HAL_Driver\Src\stm32h7xx_hal_uart_ex.o
 .debug_aranges
                0x00001540       0x38 Src\adc.o
 .debug_aranges
                0x00001578       0x30 Src\dac.o
 .debug_aranges
                0x000015a8       0x20 Src\dma.o
 .debug_aranges
                0x000015c8       0x20 Src\gpio.o
 .debug_aranges
                0x000015e8       0x60 Src\main.o
 .debug_aranges
                0x00001648       0x38 Src\spi.o
 .debug_aranges
                0x00001680       0x20 Src\stm32h7xx_hal_msp.o
 .debug_aranges
                0x000016a0       0x88 Src\stm32h7xx_it.o
 .debug_aranges
                0x00001728       0x28 Src\system_stm32h7xx.o
 .debug_aranges
                0x00001750       0x38 Src\tim.o
 .debug_aranges
                0x00001788       0x30 Src\usart.o
 .debug_aranges
                0x000017b8       0x28 startup\startup_stm32h743xx.o

.debug_ranges   0x00000000     0x1668
 .debug_ranges  0x00000000      0x188 Drivers\STM32H7xx_HAL_Driver\Src\stm32h7xx_hal.o
 .debug_ranges  0x00000188      0x218 Drivers\STM32H7xx_HAL_Driver\Src\stm32h7xx_hal_adc.o
 .debug_ranges  0x000003a0      0x1c8 Drivers\STM32H7xx_HAL_Driver\Src\stm32h7xx_hal_adc_ex.o
 .debug_ranges  0x00000568      0x110 Drivers\STM32H7xx_HAL_Driver\Src\stm32h7xx_hal_cortex.o
 .debug_ranges  0x00000678       0xb0 Drivers\STM32H7xx_HAL_Driver\Src\stm32h7xx_hal_dac.o
 .debug_ranges  0x00000728       0x90 Drivers\STM32H7xx_HAL_Driver\Src\stm32h7xx_hal_dma.o
 .debug_ranges  0x000007b8       0x48 Drivers\STM32H7xx_HAL_Driver\Src\stm32h7xx_hal_gpio.o
 .debug_ranges  0x00000800      0x148 Drivers\STM32H7xx_HAL_Driver\Src\stm32h7xx_hal_pwr_ex.o
 .debug_ranges  0x00000948       0x78 Drivers\STM32H7xx_HAL_Driver\Src\stm32h7xx_hal_rcc.o
 .debug_ranges  0x000009c0       0xe8 Drivers\STM32H7xx_HAL_Driver\Src\stm32h7xx_hal_rcc_ex.o
 .debug_ranges  0x00000aa8      0x198 Drivers\STM32H7xx_HAL_Driver\Src\stm32h7xx_hal_spi.o
 .debug_ranges  0x00000c40      0x3d0 Drivers\STM32H7xx_HAL_Driver\Src\stm32h7xx_hal_tim.o
 .debug_ranges  0x00001010      0x178 Drivers\STM32H7xx_HAL_Driver\Src\stm32h7xx_hal_tim_ex.o
 .debug_ranges  0x00001188      0x268 Drivers\STM32H7xx_HAL_Driver\Src\stm32h7xx_hal_uart.o
 .debug_ranges  0x000013f0       0x90 Drivers\STM32H7xx_HAL_Driver\Src\stm32h7xx_hal_uart_ex.o
 .debug_ranges  0x00001480       0x28 Src\adc.o
 .debug_ranges  0x000014a8       0x20 Src\dac.o
 .debug_ranges  0x000014c8       0x10 Src\dma.o
 .debug_ranges  0x000014d8       0x10 Src\gpio.o
 .debug_ranges  0x000014e8       0x50 Src\main.o
 .debug_ranges  0x00001538       0x28 Src\spi.o
 .debug_ranges  0x00001560       0x10 Src\stm32h7xx_hal_msp.o
 .debug_ranges  0x00001570       0x78 Src\stm32h7xx_it.o
 .debug_ranges  0x000015e8       0x18 Src\system_stm32h7xx.o
 .debug_ranges  0x00001600       0x28 Src\tim.o
 .debug_ranges  0x00001628       0x20 Src\usart.o
 .debug_ranges  0x00001648       0x20 startup\startup_stm32h743xx.o

.debug_line     0x00000000     0xf65a
 .debug_line    0x00000000      0x6ee Drivers\STM32H7xx_HAL_Driver\Src\stm32h7xx_hal.o
 .debug_line    0x000006ee     0x13d6 Drivers\STM32H7xx_HAL_Driver\Src\stm32h7xx_hal_adc.o
 .debug_line    0x00001ac4     0x11a6 Drivers\STM32H7xx_HAL_Driver\Src\stm32h7xx_hal_adc_ex.o
 .debug_line    0x00002c6a      0x69e Drivers\STM32H7xx_HAL_Driver\Src\stm32h7xx_hal_cortex.o
 .debug_line    0x00003308      0x5c1 Drivers\STM32H7xx_HAL_Driver\Src\stm32h7xx_hal_dac.o
 .debug_line    0x000038c9     0x17c0 Drivers\STM32H7xx_HAL_Driver\Src\stm32h7xx_hal_dma.o
 .debug_line    0x00005089      0x546 Drivers\STM32H7xx_HAL_Driver\Src\stm32h7xx_hal_gpio.o
 .debug_line    0x000055cf      0x751 Drivers\STM32H7xx_HAL_Driver\Src\stm32h7xx_hal_pwr_ex.o
 .debug_line    0x00005d20      0x747 Drivers\STM32H7xx_HAL_Driver\Src\stm32h7xx_hal_rcc.o
 .debug_line    0x00006467      0xa4a Drivers\STM32H7xx_HAL_Driver\Src\stm32h7xx_hal_rcc_ex.o
 .debug_line    0x00006eb1      0xe17 Drivers\STM32H7xx_HAL_Driver\Src\stm32h7xx_hal_spi.o
 .debug_line    0x00007cc8     0x2458 Drivers\STM32H7xx_HAL_Driver\Src\stm32h7xx_hal_tim.o
 .debug_line    0x0000a120     0x106e Drivers\STM32H7xx_HAL_Driver\Src\stm32h7xx_hal_tim_ex.o
 .debug_line    0x0000b18e     0x1236 Drivers\STM32H7xx_HAL_Driver\Src\stm32h7xx_hal_uart.o
 .debug_line    0x0000c3c4      0x71d Drivers\STM32H7xx_HAL_Driver\Src\stm32h7xx_hal_uart_ex.o
 .debug_line    0x0000cae1      0x437 Src\adc.o
 .debug_line    0x0000cf18      0x3b3 Src\dac.o
 .debug_line    0x0000d2cb      0x331 Src\dma.o
 .debug_line    0x0000d5fc      0x380 Src\gpio.o
 .debug_line    0x0000d97c      0x568 Src\main.o
 .debug_line    0x0000dee4      0x422 Src\spi.o
 .debug_line    0x0000e306      0x33a Src\stm32h7xx_hal_msp.o
 .debug_line    0x0000e640      0x459 Src\stm32h7xx_it.o
 .debug_line    0x0000ea99      0x381 Src\system_stm32h7xx.o
 .debug_line    0x0000ee1a      0x3d7 Src\tim.o
 .debug_line    0x0000f1f1      0x3e8 Src\usart.o
 .debug_line    0x0000f5d9       0x81 startup\startup_stm32h743xx.o

.debug_str      0x00000000     0x85d9
 .debug_str     0x00000000     0x198c Drivers\STM32H7xx_HAL_Driver\Src\stm32h7xx_hal.o
                               0x1a9b (size before relaxing)
 .debug_str     0x0000198c      0xe1b Drivers\STM32H7xx_HAL_Driver\Src\stm32h7xx_hal_adc.o
                               0x18e4 (size before relaxing)
 .debug_str     0x000027a7      0x82a Drivers\STM32H7xx_HAL_Driver\Src\stm32h7xx_hal_adc_ex.o
                               0x1a8d (size before relaxing)
 .debug_str     0x00002fd1      0x5a5 Drivers\STM32H7xx_HAL_Driver\Src\stm32h7xx_hal_cortex.o
                               0x172e (size before relaxing)
 .debug_str     0x00003576      0x3fc Drivers\STM32H7xx_HAL_Driver\Src\stm32h7xx_hal_dac.o
                                0xff4 (size before relaxing)
 .debug_str     0x00003972      0x3f8 Drivers\STM32H7xx_HAL_Driver\Src\stm32h7xx_hal_dma.o
                               0x1070 (size before relaxing)
 .debug_str     0x00003d6a      0x187 Drivers\STM32H7xx_HAL_Driver\Src\stm32h7xx_hal_gpio.o
                                0xdca (size before relaxing)
 .debug_str     0x00003ef1      0x566 Drivers\STM32H7xx_HAL_Driver\Src\stm32h7xx_hal_pwr_ex.o
                               0x1121 (size before relaxing)
 .debug_str     0x00004457      0x4be Drivers\STM32H7xx_HAL_Driver\Src\stm32h7xx_hal_rcc.o
                               0x1090 (size before relaxing)
 .debug_str     0x00004915      0x906 Drivers\STM32H7xx_HAL_Driver\Src\stm32h7xx_hal_rcc_ex.o
                               0x1580 (size before relaxing)
 .debug_str     0x0000521b      0x7c8 Drivers\STM32H7xx_HAL_Driver\Src\stm32h7xx_hal_spi.o
                               0x1466 (size before relaxing)
 .debug_str     0x000059e3     0x11b6 Drivers\STM32H7xx_HAL_Driver\Src\stm32h7xx_hal_tim.o
                               0x1e6f (size before relaxing)
 .debug_str     0x00006b99      0x6e7 Drivers\STM32H7xx_HAL_Driver\Src\stm32h7xx_hal_tim_ex.o
                               0x175c (size before relaxing)
 .debug_str     0x00007280      0x9fc Drivers\STM32H7xx_HAL_Driver\Src\stm32h7xx_hal_uart.o
                               0x19cf (size before relaxing)
 .debug_str     0x00007c7c      0x2d6 Drivers\STM32H7xx_HAL_Driver\Src\stm32h7xx_hal_uart_ex.o
                               0x113c (size before relaxing)
 .debug_str     0x00007f52      0x1a5 Src\adc.o
                               0x1389 (size before relaxing)
 .debug_str     0x000080f7       0x2a Src\dac.o
                               0x11f6 (size before relaxing)
 .debug_str     0x00008121       0x19 Src\dma.o
                               0x146f (size before relaxing)
 .debug_str     0x0000813a       0x1b Src\gpio.o
                                0xcdd (size before relaxing)
 .debug_str     0x00008155      0x250 Src\main.o
                               0x22d0 (size before relaxing)
 .debug_str     0x000083a5       0x31 Src\spi.o
                               0x1606 (size before relaxing)
 .debug_str     0x000083d6       0x1b Src\stm32h7xx_hal_msp.o
                                0xc60 (size before relaxing)
 .debug_str     0x000083f1      0x12e Src\stm32h7xx_it.o
                               0x139e (size before relaxing)
 .debug_str     0x0000851f       0x3b Src\system_stm32h7xx.o
                                0xdf3 (size before relaxing)
 .debug_str     0x0000855a       0x51 Src\tim.o
                               0x1c7d (size before relaxing)
 .debug_str     0x000085ab       0x2e Src\usart.o
                               0x1ddd (size before relaxing)

.comment        0x00000000       0x7c
 .comment       0x00000000       0x7c Drivers\STM32H7xx_HAL_Driver\Src\stm32h7xx_hal.o
                                 0x7d (size before relaxing)
 .comment       0x0000007c       0x7d Drivers\STM32H7xx_HAL_Driver\Src\stm32h7xx_hal_adc.o
 .comment       0x0000007c       0x7d Drivers\STM32H7xx_HAL_Driver\Src\stm32h7xx_hal_adc_ex.o
 .comment       0x0000007c       0x7d Drivers\STM32H7xx_HAL_Driver\Src\stm32h7xx_hal_cortex.o
 .comment       0x0000007c       0x7d Drivers\STM32H7xx_HAL_Driver\Src\stm32h7xx_hal_dac.o
 .comment       0x0000007c       0x7d Drivers\STM32H7xx_HAL_Driver\Src\stm32h7xx_hal_dma.o
 .comment       0x0000007c       0x7d Drivers\STM32H7xx_HAL_Driver\Src\stm32h7xx_hal_gpio.o
 .comment       0x0000007c       0x7d Drivers\STM32H7xx_HAL_Driver\Src\stm32h7xx_hal_pwr_ex.o
 .comment       0x0000007c       0x7d Drivers\STM32H7xx_HAL_Driver\Src\stm32h7xx_hal_rcc.o
 .comment       0x0000007c       0x7d Drivers\STM32H7xx_HAL_Driver\Src\stm32h7xx_hal_rcc_ex.o
 .comment       0x0000007c       0x7d Drivers\STM32H7xx_HAL_Driver\Src\stm32h7xx_hal_spi.o
 .comment       0x0000007c       0x7d Drivers\STM32H7xx_HAL_Driver\Src\stm32h7xx_hal_tim.o
 .comment       0x0000007c       0x7d Drivers\STM32H7xx_HAL_Driver\Src\stm32h7xx_hal_tim_ex.o
 .comment       0x0000007c       0x7d Drivers\STM32H7xx_HAL_Driver\Src\stm32h7xx_hal_uart.o
 .comment       0x0000007c       0x7d Drivers\STM32H7xx_HAL_Driver\Src\stm32h7xx_hal_uart_ex.o
 .comment       0x0000007c       0x7d Src\adc.o
 .comment       0x0000007c       0x7d Src\dac.o
 .comment       0x0000007c       0x7d Src\dma.o
 .comment       0x0000007c       0x7d Src\gpio.o
 .comment       0x0000007c       0x7d Src\main.o
 .comment       0x0000007c       0x7d Src\spi.o
 .comment       0x0000007c       0x7d Src\stm32h7xx_hal_msp.o
 .comment       0x0000007c       0x7d Src\stm32h7xx_it.o
 .comment       0x0000007c       0x7d Src\system_stm32h7xx.o
 .comment       0x0000007c       0x7d Src\tim.o
 .comment       0x0000007c       0x7d Src\usart.o

.debug_frame    0x00000000     0x6590
 .debug_frame   0x00000000      0x690 Drivers\STM32H7xx_HAL_Driver\Src\stm32h7xx_hal.o
 .debug_frame   0x00000690      0xa28 Drivers\STM32H7xx_HAL_Driver\Src\stm32h7xx_hal_adc.o
 .debug_frame   0x000010b8      0x88c Drivers\STM32H7xx_HAL_Driver\Src\stm32h7xx_hal_adc_ex.o
 .debug_frame   0x00001944      0x4b8 Drivers\STM32H7xx_HAL_Driver\Src\stm32h7xx_hal_cortex.o
 .debug_frame   0x00001dfc      0x338 Drivers\STM32H7xx_HAL_Driver\Src\stm32h7xx_hal_dac.o
 .debug_frame   0x00002134      0x2b4 Drivers\STM32H7xx_HAL_Driver\Src\stm32h7xx_hal_dma.o
 .debug_frame   0x000023e8      0x14c Drivers\STM32H7xx_HAL_Driver\Src\stm32h7xx_hal_gpio.o
 .debug_frame   0x00002534      0x580 Drivers\STM32H7xx_HAL_Driver\Src\stm32h7xx_hal_pwr_ex.o
 .debug_frame   0x00002ab4      0x1f8 Drivers\STM32H7xx_HAL_Driver\Src\stm32h7xx_hal_rcc.o
 .debug_frame   0x00002cac      0x3f4 Drivers\STM32H7xx_HAL_Driver\Src\stm32h7xx_hal_rcc_ex.o
 .debug_frame   0x000030a0      0x798 Drivers\STM32H7xx_HAL_Driver\Src\stm32h7xx_hal_spi.o
 .debug_frame   0x00003838     0x1218 Drivers\STM32H7xx_HAL_Driver\Src\stm32h7xx_hal_tim.o
 .debug_frame   0x00004a50      0x6d8 Drivers\STM32H7xx_HAL_Driver\Src\stm32h7xx_hal_tim_ex.o
 .debug_frame   0x00005128      0xa7c Drivers\STM32H7xx_HAL_Driver\Src\stm32h7xx_hal_uart.o
 .debug_frame   0x00005ba4      0x29c Drivers\STM32H7xx_HAL_Driver\Src\stm32h7xx_hal_uart_ex.o
 .debug_frame   0x00005e40       0xa0 Src\adc.o
 .debug_frame   0x00005ee0       0x7c Src\dac.o
 .debug_frame   0x00005f5c       0x34 Src\dma.o
 .debug_frame   0x00005f90       0x38 Src\gpio.o
 .debug_frame   0x00005fc8      0x150 Src\main.o
 .debug_frame   0x00006118       0x94 Src\spi.o
 .debug_frame   0x000061ac       0x38 Src\stm32h7xx_hal_msp.o
 .debug_frame   0x000061e4      0x190 Src\stm32h7xx_it.o
 .debug_frame   0x00006374       0x58 Src\system_stm32h7xx.o
 .debug_frame   0x000063cc       0xa0 Src\tim.o
 .debug_frame   0x0000646c       0x78 Src\usart.o
 .debug_frame   0x000064e4       0x2c c:/program files (x86)/atollic/truestudio for stm32 9.1.0/armtools/bin/../lib/gcc/arm-atollic-eabi/6.3.1/../../../../arm-atollic-eabi/lib/armv7e-m/fpu/fpv5-d16\libc_nano.a(lib_a-init.o)
 .debug_frame   0x00006510       0x20 c:/program files (x86)/atollic/truestudio for stm32 9.1.0/armtools/bin/../lib/gcc/arm-atollic-eabi/6.3.1/../../../../arm-atollic-eabi/lib/armv7e-m/fpu/fpv5-d16\libc_nano.a(lib_a-memset.o)
 .debug_frame   0x00006530       0x2c c:/program files (x86)/atollic/truestudio for stm32 9.1.0/armtools/bin/../lib/gcc/arm-atollic-eabi/6.3.1/armv7e-m/fpu/fpv5-d16\libgcc.a(_aeabi_uldivmod.o)
 .debug_frame   0x0000655c       0x34 c:/program files (x86)/atollic/truestudio for stm32 9.1.0/armtools/bin/../lib/gcc/arm-atollic-eabi/6.3.1/armv7e-m/fpu/fpv5-d16\libgcc.a(_udivmoddi4.o)
